A51 MACRO ASSEMBLER  I2C                                                                  08/25/2006 15:57:59 PAGE     1


MACRO ASSEMBLER A51 V8.00
OBJECT MODULE PLACED IN I2C.OBJ
ASSEMBLER INVOKED BY: E:\Program Files\Keil\C51\BIN\A51.EXE I2C.asm SET(SMALL) DEBUG EP

LOC  OBJ            LINE     SOURCE

                       1     
                       2     
                       3     
  0010                 4     ACK             BIT             10H                     ;应答标志位
  0050                 5     SLA             DATA    50H                     ;器件地址字
  0051                 6     SUBA    DATA    51H                     ;器件子地址
  0052                 7     NUMBYTE DATA    52H                     ;读/写字节数
                       8     
  0095                 9     SDA             BIT             P1.5
  0094                10     SCL             BIT             P1.4            ;I2C总线定义
  0030                11     MTD             EQU             30H                     ;发送数据缓存区首地址(30H-3FH)
  0040                12     MRD             EQU             40H                     ;接收数据缓存区首地址(40H-4FH)
                      13     
                      14     
0000 2180             15                     AJMP    MAIN
0080                  16                     ORG             80H
                      17     
                      18     
                      19     
                      20     
                      21     
                      22                             
                      23     ;*********************************************************************
                      24     ;名称:IWRNBYTE
                      25     ;描述:向器件指定子地址写N个数据
                      26     ;入口参数:器件地址字SLA,子地址SUBA,发送数据缓冲区MTD,发送字节数NUMBYTE
                      27     ;*********************************************************************
0080                  28     IWRNBYTE:
0080 AB52             29                     MOV             R3,NUMBYTE
0082 1200E7           30                     LCALL   START           ;启动总线
0085 E550             31                     MOV             A,SLA
0087 120143           32                     LCALL   WRBYTE          ;发送器件地址字
008A 12012E           33                     LCALL   CACK
008D 301017           34                     JNB             ACK,RETWRN      ;无应答则退出
0090 E551             35                     MOV             A,SUBA          ;指定子地址
0092 120143           36                     LCALL   WRBYTE
0095 12012E           37                     LCALL   CACK
0098 7930             38                     MOV             R1,#MTD
009A E7               39     WRDA:   MOV             A,@R1
009B 120143           40                     LCALL   WRBYTE          ;开始写入数据
009E 12012E           41                     LCALL   CACK
00A1 3010DC           42                     JNB             ACK,IWRNBYTE
00A4 09               43                     INC             R1
00A5 DBF3             44                     DJNZ    R3,WRDA         ;判断是否写完
00A7 1200FB           45     RETWRN: LCALL   STOP
00AA 22               46                     RET
                      47     ;*********************************************************************
                      48     ;名称:IRDNBYTE
                      49     ;描述:从器件指定子地址读取N个数据
                      50     ;入口参数:器件地址字SLA,子地址SUBA,接收数据缓存区MRD,接收字节数NUMBYTE
                      51     ;*********************************************************************
00AB                  52     IRDNBYTE:
00AB AB52             53                     MOV             R3,NUMBYTE
00AD 1200E7           54                     LCALL   START
00B0 E550             55                     MOV             A,SLA
00B2 120143           56                     LCALL   WRBYTE          ;发送器件地址字
00B5 12012E           57                     LCALL   CACK
00B8 301022           58                     JNB             ACK,RETRDN
A51 MACRO ASSEMBLER  I2C                                                                  08/25/2006 15:57:59 PAGE     2

00BB E551             59                     MOV             A,SUBA          ;指定子地址
00BD 120143           60                     LCALL   WRBYTE
00C0 12012E           61                     LCALL   CACK
00C3 1200E7           62                     LCALL   START           ;重新启动总线
00C6 E550             63                     MOV             A,SLA
00C8 04               64                     INC             A                       ;准备进行读操作
00C9 120143           65                     LCALL   WRBYTE
00CC 12012E           66                     LCALL   CACK
00CF 3010D9           67                     JNB             ACK,IRDNBYTE
00D2 7940             68                     MOV             R1,#MRD
00D4 12016A           69     RON1:   LCALL   RDBYTE          ;读操作开始
00D7 F7               70                     MOV             @R1,A
00D8 DB07             71                     DJNZ    R3,SACK
00DA 12011E           72                     LCALL   MNACK           ;最后一字节发非应答位
00DD 1200FB           73     RETRDN: LCALL   STOP
00E0 22               74                     RET
00E1 12010E           75     SACK:   LCALL   MACK
00E4 09               76                     INC             R1
00E5 80ED             77                     SJMP    RON1    
                      78     ;*********************************************************************
                      79     ;名称:STRRT
                      80     ;描述:启动I2C总线子程序—发送I2C总线起始条件
                      81     ;*********************************************************************
00E7 D295             82     START:  SETB    SDA                     ;发送起始条件数据信号
00E9 00               83                     NOP                                     ;起始条件建立时间大于4.7us
00EA D294             84                     SETB    SCL                     ;发送起始条件的时钟信号
00EC 00               85                     NOP
00ED 00               86                     NOP
00EE 00               87                     NOP
00EF 00               88                     NOP
00F0 00               89                     NOP                                     ;起始条件锁定时间大于4.7us
00F1 C295             90                     CLR     SDA                     ;发送起始信号
00F3 00               91                     NOP
00F4 00               92                     NOP
00F5 00               93                     NOP
00F6 00               94                     NOP                                     ;起始条件锁定时间大于4.7us
00F7 C294             95                     CLR             SCL                     ;钳住I2C总线,准备发送或接收数据
00F9 00               96                     NOP
00FA 22               97                     RET
                      98     ;*********************************************************************
                      99     ;名称:STOP
                     100     ;描述:停止I2C总线子程序—发送I2C总线停止条件
                     101     ;*********************************************************************
00FB C295            102     STOP:   CLR     SDA             ;发送停止条件的数据信号
00FD 00              103                     NOP                             
00FE 00              104                     NOP
00FF D294            105                     SETB    SCL             ;发送停止条件的时钟信号
0101 00              106                     NOP
0102 00              107                     NOP
0103 00              108                     NOP
0104 00              109                     NOP
0105 00              110                     NOP                                     ;起始条件建立时间大于4.7us
0106 D295            111                     SETB    SDA             ;发送I2C总线停止信号
0108 00              112                     NOP
0109 00              113                     NOP
010A 00              114                     NOP
010B 00              115                     NOP
010C 00              116                     NOP                                     ;延迟时间大于4.7us
010D 22              117                     RET
                     118     ;*********************************************************************
                     119     ;名称:MACK
                     120     ;描述:发送应答信号子程序
                     121     ;*********************************************************************
010E C295            122     MACK:   CLR             SDA                     ;将SDA置0
0110 00              123                     NOP
0111 00              124                     NOP
A51 MACRO ASSEMBLER  I2C                                                                  08/25/2006 15:57:59 PAGE     3

0112 D294            125                     SETB    SCL
0114 00              126                     NOP
0115 00              127                     NOP
0116 00              128                     NOP
0117 00              129                     NOP
0118 00              130                     NOP                                     ;保持数据时间,大于4.7us
0119 C294            131                     CLR             SCL
011B 00              132                     NOP
011C 00              133                     NOP
011D 22              134                     RET
                     135     ;*********************************************************************
                     136     ;名称:MNACK
                     137     ;描述:发送非应答信号子程序
                     138     ;*********************************************************************
011E D295            139     MNACK:  SETB    SDA                     ;将SDA置1
0120 00              140                     NOP
0121 00              141                     NOP
0122 D294            142                     SETB    SCL
0124 00              143                     NOP
0125 00              144                     NOP
0126 00              145                     NOP
0127 00              146                     NOP
0128 00              147                     NOP
0129 C294            148                     CLR             SCL                     ;保持数据时间,大于4.7us
012B 00              149                     NOP
012C 00              150                     NOP
012D 22              151                     RET
                     152     ;*********************************************************************
                     153     ;名称:CACK
                     154     ;描述:检查应答位子程序,返回值:ACK=1时表示有应答
                     155     ;*********************************************************************
012E D295            156     CACK:   SETB    SDA
0130 00              157                     NOP
0131 00              158                     NOP
0132 D294            159                     SETB    SCL
0134 C210            160                     CLR             ACK
0136 00              161                     NOP
0137 00              162                     NOP
0138 A295            163                     MOV             C,SDA
013A 4002            164                     JC              CEND
013C D210            165                     SETB    ACK                     ;判断应答位
013E 00              166     CEND:   NOP
013F C294            167                     CLR             SCL
0141 00              168                     NOP
0142 22              169                     RET
                     170     ;*********************************************************************  
                     171     ;名称:WRBYTE
                     172     ;描述:发送字节子程序,字节数据放入ACC
                     173     ;*********************************************************************
0143 7808            174     WRBYTE: MOV             R0,#08H
0145 33              175     WLP:    RLC             A                       ;取数据位
0146 4006            176                     JC              WRI
0148 8012            177                     SJMP    WRO                     ;判断数据位
014A D8F9            178     WLP1:   DJNZ    R0,WLP
014C 00              179                     NOP
014D 22              180                     RET
014E D295            181     WRI:    SETB    SDA                     ;发送1
0150 00              182                     NOP
0151 D294            183                     SETB    SCL
0153 00              184                     NOP
0154 00              185                     NOP
0155 00              186                     NOP
0156 00              187                     NOP
0157 00              188                     NOP
0158 C294            189                     CLR             SCL
015A 80EE            190                     SJMP    WLP1
A51 MACRO ASSEMBLER  I2C                                                                  08/25/2006 15:57:59 PAGE     4

015C C295            191     WRO:    CLR             SDA                     ;发送0
015E 00              192                     NOP
015F D294            193                     SETB    SCL
0161 00              194                     NOP
0162 00              195                     NOP
0163 00              196                     NOP
0164 00              197                     NOP
0165 00              198                     NOP
0166 C294            199                     CLR             SCL
0168 80E0            200                     SJMP    WLP1
                     201     ;*********************************************************************
                     202     ;名称:RDBYTE
                     203     ;描述:读取字节子程序,读出的数据存放在ACC
                     204     ;*********************************************************************
016A 7808            205     RDBYTE: MOV             R0,#08H
016C D295            206     RLP:    SETB    SDA
016E 00              207                     NOP
016F D294            208                     SETB    SCL                     ;时钟线为高,接收数据位
0171 00              209                     NOP
0172 00              210                     NOP
0173 A295            211                     MOV             C,SDA           ;读取数据位
0175 EA              212                     MOV             A,R2
0176 C294            213                     CLR             SCL                     ;将SCL拉低,时间大于4.7us
0178 33              214                     RLC             A                       ;进行数据位的处理
0179 FA              215                     MOV             R2,A
017A 00              216                     NOP
017B 00              217                     NOP
017C 00              218                     NOP
017D D8ED            219                     DJNZ    R0,RLP          ;未够8位,继续读入
017F 22              220                     RET
                     221                                     
                     222     
0180 7CF0            223     MAIN:   MOV             R4,#0F0H        ;延时,等待其它芯片复位完成
0182 DCFE            224                     DJNZ    R4,$
                     225     ;发送数据缓存区初始化,将16个连续字节分别赋值为00H到0FH          
0184 7400            226                     MOV             A,#0
0186 7830            227                     MOV             R0,#30H
0188 F6              228     S1:             MOV             @R0,A
0189 08              229                     INC             R0
018A 04              230                     INC             A
018B B840FA          231                     CJNE    R0,#40H,S1
                     232     ;向24C01C中写数据,数据存放在24C01C中30H开始的16个字节中
018E 7550A0          233                     MOV             SLA,#0A0H       ;24C01C地址字,写操作
0191 755130          234                     MOV             SUBA,#30H       ;目标地址
0194 755210          235                     MOV             NUMBYTE,#16     ;字节数
0197 120080          236                     LCALL   IWRNBYTE        ;写数据
                     237     ;从24C01C中读数据,数据送AT89C51中40H开始的16个字节中
                     238     
                     239     
019A 7D14            240     delay:  mov             r5,#20
019C 7EF8            241     d3:             mov             r6,#248
019E 7FF8            242     d2:             mov             r7,#248
01A0 DFFE            243                     djnz    r7,$
01A2 DEFA            244                     djnz    r6,d2
01A4 DDF6            245                     djnz    r5,d3
                     246     
                     247     
                     248     
01A6 7550A0          249                     MOV             SLA,#0A0H       ;24C01C地址字,伪写入操作
01A9 755130          250                     MOV             SUBA,#30H       ;目标地址
01AC 755210          251                     MOV             NUMBYTE,#16     ;字节数
01AF 1200AB          252                     LCALL   IRDNBYTE        ;写数据
                     253     
                     254                     END
A51 MACRO ASSEMBLER  I2C                                                                  08/25/2006 15:57:59 PAGE     5

SYMBOL TABLE LISTING
------ ----- -------


N A M E             T Y P E  V A L U E   ATTRIBUTES

ACK. . . . . . . .  B ADDR   0022H.0 A   
CACK . . . . . . .  C ADDR   012EH   A   
CEND . . . . . . .  C ADDR   013EH   A   
D2 . . . . . . . .  C ADDR   019EH   A   
D3 . . . . . . . .  C ADDR   019CH   A   
DELAY. . . . . . .  C ADDR   019AH   A   
IRDNBYTE . . . . .  C ADDR   00ABH   A   
IWRNBYTE . . . . .  C ADDR   0080H   A   
MACK . . . . . . .  C ADDR   010EH   A   
MAIN . . . . . . .  C ADDR   0180H   A   
MNACK. . . . . . .  C ADDR   011EH   A   
MRD. . . . . . . .  N NUMB   0040H   A   
MTD. . . . . . . .  N NUMB   0030H   A   
NUMBYTE. . . . . .  D ADDR   0052H   A   
P1 . . . . . . . .  D ADDR   0090H   A   
RDBYTE . . . . . .  C ADDR   016AH   A   
RETRDN . . . . . .  C ADDR   00DDH   A   
RETWRN . . . . . .  C ADDR   00A7H   A   
RLP. . . . . . . .  C ADDR   016CH   A   
RON1 . . . . . . .  C ADDR   00D4H   A   
S1 . . . . . . . .  C ADDR   0188H   A   
SACK . . . . . . .  C ADDR   00E1H   A   
SCL. . . . . . . .  B ADDR   0090H.4 A   
SDA. . . . . . . .  B ADDR   0090H.5 A   
SLA. . . . . . . .  D ADDR   0050H   A   
START. . . . . . .  C ADDR   00E7H   A   
STOP . . . . . . .  C ADDR   00FBH   A   
SUBA . . . . . . .  D ADDR   0051H   A   
WLP. . . . . . . .  C ADDR   0145H   A   
WLP1 . . . . . . .  C ADDR   014AH   A   
WRBYTE . . . . . .  C ADDR   0143H   A   
WRDA . . . . . . .  C ADDR   009AH   A   
WRI. . . . . . . .  C ADDR   014EH   A   
WRO. . . . . . . .  C ADDR   015CH   A   


REGISTER BANK(S) USED: 0 


ASSEMBLY COMPLETE.  0 WARNING(S), 0 ERROR(S)
