<!doctype html public "-//w3c//dtd html 4.0 transitional//en">                 <html><head>
<title>Static Call Graph - [.\Out\CH452.axf]</title>
</head>
<body><HR>
<H1>Static Call Graph for image .\Out\CH452.axf</H1><HR>
<BR><P><STRONG>Maximum Stack Usage =         48 bytes + Unknown
</STRONG><HR><P><STRONG><a name="[98be18]"></a>Reset</STRONG> (ARM, 0 bytes, Stack size 0 bytes, startup.o(vectors))
<P><STRONG><a name="[98bd98]"></a>__user_initial_stackheap</STRONG> (ARM, 0 bytes, Stack size 0 bytes, startup.o(vectors))
<BR>[Called By]<UL><LI><a href="#[b88bd0]">&lt&lt</a>&nbsp;&nbsp;&nbsp;__rt_stackheap_init
</UL><P><STRONG><a name="[98bfdc]"></a>__main</STRONG> (ARM, 152 bytes, Stack size 0 bytes, __main.o(!!!))
<BR><BR>[Calls]<UL><LI><a href="#[b8a6dc]">&gt&gt</a>&nbsp;&nbsp;&nbsp;_zero_region
<LI><a href="#[b8a830]">&gt&gt</a>&nbsp;&nbsp;&nbsp;_move_region
<LI><a href="#[b8a7c0]">&gt&gt</a>&nbsp;&nbsp;&nbsp;_move_loop
<LI><a href="#[b8a5a8]">&gt&gt</a>&nbsp;&nbsp;&nbsp;__rt_entry
<LI><a href="#[b8a750]">&gt&gt</a>&nbsp;&nbsp;&nbsp;_zero_loop
</UL><BR>[Called By]<UL><LI><a href="#[98cc0c]">&lt&lt</a>&nbsp;&nbsp;&nbsp;ResetInit
</UL><P><STRONG><a name="[98975c]"></a>IRQ_Exception</STRONG> (ARM, 4 bytes, Stack size 0 bytes, target.o(.text), UNUSED)
<BR><BR>[Calls]<UL><LI><a href="#[98975c]">&gt&gt</a>&nbsp;&nbsp;&nbsp;IRQ_Exception
</UL><BR>[Called By]<UL><LI><a href="#[98975c]">&lt&lt</a>&nbsp;&nbsp;&nbsp;IRQ_Exception
</UL><P><STRONG><a name="[98c048]"></a>FIQ_Exception</STRONG> (ARM, 4 bytes, Stack size 0 bytes, target.o(.text))
<BR><BR>[Calls]<UL><LI><a href="#[98c048]">&gt&gt</a>&nbsp;&nbsp;&nbsp;FIQ_Exception
</UL><BR>[Called By]<UL><LI><a href="#[98ccec]">&lt&lt</a>&nbsp;&nbsp;&nbsp;FIQ_Handler
<LI><a href="#[98c048]">&lt&lt</a>&nbsp;&nbsp;&nbsp;FIQ_Exception
</UL><P><STRONG><a name="[9896ec]"></a>TargetInit</STRONG> (ARM, 4 bytes, Stack size 0 bytes, target.o(.text), UNUSED)
<P><STRONG><a name="[98bf68]"></a>TargetResetInit</STRONG> (ARM, 108 bytes, Stack size 0 bytes, target.o(.text))
<BR>[Called By]<UL><LI><a href="#[98cc0c]">&lt&lt</a>&nbsp;&nbsp;&nbsp;ResetInit
</UL><P><STRONG><a name="[98967c]"></a>__rt_div0</STRONG> (ARM, 8 bytes, Stack size 0 bytes, target.o(.text), UNUSED)
<P><STRONG><a name="[989610]"></a>fputc</STRONG> (ARM, 8 bytes, Stack size 0 bytes, target.o(.text), UNUSED)
<P><STRONG><a name="[9895a4]"></a>fgetc</STRONG> (ARM, 8 bytes, Stack size 0 bytes, target.o(.text), UNUSED)
<P><STRONG><a name="[989534]"></a>_sys_close</STRONG> (ARM, 8 bytes, Stack size 0 bytes, target.o(.text), UNUSED)
<P><STRONG><a name="[9894c4]"></a>_sys_write</STRONG> (ARM, 8 bytes, Stack size 0 bytes, target.o(.text), UNUSED)
<P><STRONG><a name="[989454]"></a>_sys_read</STRONG> (ARM, 8 bytes, Stack size 0 bytes, target.o(.text), UNUSED)
<P><STRONG><a name="[9893e4]"></a>_ttywrch</STRONG> (ARM, 4 bytes, Stack size 0 bytes, target.o(.text), UNUSED)
<P><STRONG><a name="[989374]"></a>_sys_istty</STRONG> (ARM, 8 bytes, Stack size 0 bytes, target.o(.text), UNUSED)
<P><STRONG><a name="[989304]"></a>_sys_seek</STRONG> (ARM, 8 bytes, Stack size 0 bytes, target.o(.text), UNUSED)
<P><STRONG><a name="[989294]"></a>_sys_ensure</STRONG> (ARM, 8 bytes, Stack size 0 bytes, target.o(.text), UNUSED)
<P><STRONG><a name="[989224]"></a>_sys_flen</STRONG> (ARM, 8 bytes, Stack size 0 bytes, target.o(.text), UNUSED)
<P><STRONG><a name="[9891b4]"></a>_sys_tmpnam</STRONG> (ARM, 8 bytes, Stack size 0 bytes, target.o(.text), UNUSED)
<P><STRONG><a name="[989144]"></a>_sys_exit</STRONG> (ARM, 4 bytes, Stack size 0 bytes, target.o(.text))
<BR>[Called By]<UL><LI><a href="#[b88cbc]">&lt&lt</a>&nbsp;&nbsp;&nbsp;__rt_abort1
</UL><P><STRONG><a name="[9890cc]"></a>_sys_command_string</STRONG> (ARM, 8 bytes, Stack size 0 bytes, target.o(.text), UNUSED)
<P><STRONG><a name="[b8f490]"></a>DelayNS</STRONG> (ARM, 40 bytes, Stack size 0 bytes, leddisp.o(.text))
<BR>[Called By]<UL><LI><a href="#[b8f3b0]">&lt&lt</a>&nbsp;&nbsp;&nbsp;main
</UL><P><STRONG><a name="[b8f41c]"></a>HC595_SendDat</STRONG> (ARM, 92 bytes, Stack size 8 bytes, leddisp.o(.text))
<BR>[Called By]<UL><LI><a href="#[b8f3b0]">&lt&lt</a>&nbsp;&nbsp;&nbsp;main
</UL><P><STRONG><a name="[b8f3b0]"></a>main</STRONG> (ARM, 92 bytes, Stack size 24 bytes, leddisp.o(.text))
<BR><BR>[Calls]<UL><LI><a href="#[b8f340]">&gt&gt</a>&nbsp;&nbsp;&nbsp;__rt_memcpy
<LI><a href="#[b8f41c]">&gt&gt</a>&nbsp;&nbsp;&nbsp;HC595_SendDat
<LI><a href="#[b8f490]">&gt&gt</a>&nbsp;&nbsp;&nbsp;DelayNS
</UL><BR>[Called By]<UL><LI><a href="#[b8a5a8]">&lt&lt</a>&nbsp;&nbsp;&nbsp;__rt_entry
</UL><P><STRONG><a name="[b89d94]"></a>_main_redirection</STRONG> (ARM, 4 bytes, Stack size 0 bytes, _no_redirect.o(.text), UNUSED)
<P><STRONG><a name="[b8f2d4]"></a>_main</STRONG> (ARM, 4 bytes, Stack size 0 bytes, _no_redirect.o(.text), UNUSED)
<P><STRONG><a name="[b8f340]"></a>__rt_memcpy</STRONG> (ARM, 180 bytes, Stack size 0 bytes, rt_memcpy.o(.text))
<BR><BR>[Calls]<UL><LI><a href="#[b896f8]">&gt&gt</a>&nbsp;&nbsp;&nbsp;_memcpy_lastbytes
<LI><a href="#[b89770]">&gt&gt</a>&nbsp;&nbsp;&nbsp;_memcpy_dest_aligned
<LI><a href="#[b89684]">&gt&gt</a>&nbsp;&nbsp;&nbsp;__rt_memcpy_w
<LI><a href="#[b898b4]">&gt&gt</a>&nbsp;&nbsp;&nbsp;_memcpy_src2_loop
<LI><a href="#[b8983c]">&gt&gt</a>&nbsp;&nbsp;&nbsp;_memcpy_src3_loop
<LI><a href="#[b8992c]">&gt&gt</a>&nbsp;&nbsp;&nbsp;_memcpy_src1_loop
</UL><BR>[Called By]<UL><LI><a href="#[b8f3b0]">&lt&lt</a>&nbsp;&nbsp;&nbsp;main
</UL><P><STRONG><a name="[b89014]"></a>__32__use_no_semihosting_swi</STRONG> (ARM, 0 bytes, Stack size 0 bytes, use_no_semi.o(.text), UNUSED)
<P><STRONG><a name="[b89098]"></a>__semihosting_swi_guard</STRONG> (ARM, 0 bytes, Stack size 0 bytes, use_no_semi.o(.text), UNUSED)
<P><STRONG><a name="[98c0bc]"></a>__use_no_semihosting_swi</STRONG> (ARM, 4 bytes, Stack size 0 bytes, use_no_semi.o(.text), UNUSED)
<P><STRONG><a name="[b8a5a8]"></a>__rt_entry</STRONG> (ARM, 0 bytes, Stack size 0 bytes, kernel.o(.text))
<BR><BR>[Calls]<UL><LI><a href="#[b88bd0]">&gt&gt</a>&nbsp;&nbsp;&nbsp;__rt_stackheap_init
<LI><a href="#[b88c48]">&gt&gt</a>&nbsp;&nbsp;&nbsp;__rt_lib_init
<LI><a href="#[b8f3b0]">&gt&gt</a>&nbsp;&nbsp;&nbsp;main
<LI><a href="#[b88b64]">&gt&gt</a>&nbsp;&nbsp;&nbsp;exit
</UL><BR>[Called By]<UL><LI><a href="#[98bfdc]">&lt&lt</a>&nbsp;&nbsp;&nbsp;__main
</UL><P><STRONG><a name="[b88a08]"></a>__32__rt_exit</STRONG> (ARM, 0 bytes, Stack size 8 bytes, kernel.o(.text))
<BR><BR>[Calls]<UL><LI><a href="#[b88aec]">&gt&gt</a>&nbsp;&nbsp;&nbsp;__rt_lib_shutdown
<LI><a href="#[b88cbc]">&gt&gt</a>&nbsp;&nbsp;&nbsp;__rt_abort1
</UL><BR>[Called By]<UL><LI><a href="#[b88b64]">&lt&lt</a>&nbsp;&nbsp;&nbsp;exit
</UL><P><STRONG><a name="[b88a7c]"></a>__rt_exit</STRONG> (ARM, 16 bytes, Stack size 8 bytes, kernel.o(.text), UNUSED)
<P><STRONG><a name="[b88924]"></a>__32__rt_abort</STRONG> (ARM, 0 bytes, Stack size 0 bytes, kernel.o(.text), UNUSED)
<P><STRONG><a name="[b88998]"></a>__rt_abort</STRONG> (ARM, 8 bytes, Stack size 0 bytes, kernel.o(.text), UNUSED)
<P><STRONG><a name="[b89684]"></a>__rt_memcpy_w</STRONG> (ARM, 108 bytes, Stack size 8 bytes, rt_memcpy_w.o(.text))
<BR><BR>[Calls]<UL><LI><a href="#[b883d4]">&gt&gt</a>&nbsp;&nbsp;&nbsp;_memcpy_small
<LI><a href="#[b88498]">&gt&gt</a>&nbsp;&nbsp;&nbsp;_memcpy_aligned_loop
</UL><BR>[Called By]<UL><LI><a href="#[b8f340]">&lt&lt</a>&nbsp;&nbsp;&nbsp;__rt_memcpy
</UL><P><STRONG><a name="[b896f8]"></a>_memcpy_lastbytes</STRONG> (ARM, 0 bytes, Stack size 0 bytes, rt_memcpy_w.o(.text))
<BR>[Called By]<UL><LI><a href="#[b8f340]">&lt&lt</a>&nbsp;&nbsp;&nbsp;__rt_memcpy
</UL><P><STRONG><a name="[b88b64]"></a>exit</STRONG> (ARM, 24 bytes, Stack size 8 bytes, exit.o(.text))
<BR><BR>[Calls]<UL><LI><a href="#[b87f94]">&gt&gt</a>&nbsp;&nbsp;&nbsp;_call_atexit_fns (Weak Reference)
<LI><a href="#[b88a08]">&gt&gt</a>&nbsp;&nbsp;&nbsp;__32__rt_exit
</UL><BR>[Called By]<UL><LI><a href="#[b8a5a8]">&lt&lt</a>&nbsp;&nbsp;&nbsp;__rt_entry
</UL><P><STRONG><a name="[b88c48]"></a>__rt_lib_init</STRONG> (ARM, 228 bytes, Stack size 32 bytes, lib_init.o(.text))
<BR><BR>[Calls]<UL><LI><a href="#[b87b0c]">&gt&gt</a>&nbsp;&nbsp;&nbsp;_fp_init
<LI><a href="#[b87a98]">&gt&gt</a>&nbsp;&nbsp;&nbsp;__Heap_DescSize (Weak Reference)
<LI><a href="#[b879b0]">&gt&gt</a>&nbsp;&nbsp;&nbsp;__rt_get_argv (Weak Reference)
<LI><a href="#[b87940]">&gt&gt</a>&nbsp;&nbsp;&nbsp;_init_alloc (Weak Reference)
<LI><a href="#[b878c8]">&gt&gt</a>&nbsp;&nbsp;&nbsp;_init_user_alloc (Weak Reference)
<LI><a href="#[b87858]">&gt&gt</a>&nbsp;&nbsp;&nbsp;_rand_init (Weak Reference)
<LI><a href="#[b877e4]">&gt&gt</a>&nbsp;&nbsp;&nbsp;_get_lc_collate (Weak Reference)
<LI><a href="#[b87770]">&gt&gt</a>&nbsp;&nbsp;&nbsp;__user_libspace
<LI><a href="#[b876fc]">&gt&gt</a>&nbsp;&nbsp;&nbsp;_get_lc_ctype (Weak Reference)
<LI><a href="#[b87684]">&gt&gt</a>&nbsp;&nbsp;&nbsp;_get_lc_monetary (Weak Reference)
<LI><a href="#[b87610]">&gt&gt</a>&nbsp;&nbsp;&nbsp;_get_lc_numeric (Weak Reference)
<LI><a href="#[b8759c]">&gt&gt</a>&nbsp;&nbsp;&nbsp;_get_lc_time (Weak Reference)
<LI><a href="#[b87528]">&gt&gt</a>&nbsp;&nbsp;&nbsp;_atexit_init (Weak Reference)
<LI><a href="#[b874b4]">&gt&gt</a>&nbsp;&nbsp;&nbsp;_signal_init (Weak Reference)
<LI><a href="#[b87444]">&gt&gt</a>&nbsp;&nbsp;&nbsp;_clock_init (Weak Reference)
<LI><a href="#[b873d0]">&gt&gt</a>&nbsp;&nbsp;&nbsp;_getenv_init (Weak Reference)
<LI><a href="#[b87364]">&gt&gt</a>&nbsp;&nbsp;&nbsp;_initio (Weak Reference)
<LI><a href="#[b872ec]">&gt&gt</a>&nbsp;&nbsp;&nbsp;__cpp_initialise (Weak Reference)
<LI><a href="#[b87274]">&gt&gt</a>&nbsp;&nbsp;&nbsp;__call_ctors() (Weak Reference)
<LI><a href="#[b871fc]">&gt&gt</a>&nbsp;&nbsp;&nbsp;__alloca_initialize (Weak Reference)
</UL><BR>[Called By]<UL><LI><a href="#[b8a5a8]">&lt&lt</a>&nbsp;&nbsp;&nbsp;__rt_entry
</UL><P><STRONG><a name="[b88aec]"></a>__rt_lib_shutdown</STRONG> (ARM, 20 bytes, Stack size 8 bytes, lib_init.o(.text))
<BR><BR>[Calls]<UL><LI><a href="#[b87188]">&gt&gt</a>&nbsp;&nbsp;&nbsp;__cpp_finalise (Weak Reference)
<LI><a href="#[b87114]">&gt&gt</a>&nbsp;&nbsp;&nbsp;_terminateio (Weak Reference)
<LI><a href="#[b87098]">&gt&gt</a>&nbsp;&nbsp;&nbsp;_terminate_user_alloc (Weak Reference)
</UL><BR>[Called By]<UL><LI><a href="#[b88a08]">&lt&lt</a>&nbsp;&nbsp;&nbsp;__32__rt_exit
</UL><P><STRONG><a name="[b88bd0]"></a>__rt_stackheap_init</STRONG> (ARM, 144 bytes, Stack size 16 bytes, stkheap1.o(.text))
<BR><BR>[Calls]<UL><LI><a href="#[b87770]">&gt&gt</a>&nbsp;&nbsp;&nbsp;__user_libspace
<LI><a href="#[98bd98]">&gt&gt</a>&nbsp;&nbsp;&nbsp;__user_initial_stackheap
<LI><a href="#[b865fc]">&gt&gt</a>&nbsp;&nbsp;&nbsp;__user_stack_slop (Weak Reference)
</UL><BR>[Called By]<UL><LI><a href="#[b8a5a8]">&lt&lt</a>&nbsp;&nbsp;&nbsp;__rt_entry
</UL><P><STRONG><a name="[b86584]"></a>__rt_heap_extend</STRONG> (ARM, 108 bytes, Stack size 16 bytes, stkheap1.o(.text), UNUSED)
<BR><BR>[Calls]<UL><LI><a href="#[b87770]">&gt&gt</a>&nbsp;&nbsp;&nbsp;__user_libspace
<LI><a href="#[b866ec]">&gt&gt</a>&nbsp;&nbsp;&nbsp;_heap_overflow
<LI><a href="#[b86674]">&gt&gt</a>&nbsp;&nbsp;&nbsp;__user_heap_extend (Weak Reference)
</UL><P><STRONG><a name="[b87770]"></a>__user_libspace</STRONG> (ARM, 8 bytes, Stack size 0 bytes, libspace.o(.text))
<BR>[Called By]<UL><LI><a href="#[b88c48]">&lt&lt</a>&nbsp;&nbsp;&nbsp;__rt_lib_init
<LI><a href="#[b88bd0]">&lt&lt</a>&nbsp;&nbsp;&nbsp;__rt_stackheap_init
<LI><a href="#[b86584]">&lt&lt</a>&nbsp;&nbsp;&nbsp;__rt_heap_extend
<LI><a href="#[b851c4]">&lt&lt</a>&nbsp;&nbsp;&nbsp;__rt_fp_status_addr
</UL><P><STRONG><a name="[b851c4]"></a>__rt_fp_status_addr</STRONG> (ARM, 16 bytes, Stack size 8 bytes, rt_fp_status_addr.o(.text))
<BR><BR>[Calls]<UL><LI><a href="#[b87770]">&gt&gt</a>&nbsp;&nbsp;&nbsp;__user_libspace
</UL><BR>[Called By]<UL><LI><a href="#[b87b0c]">&lt&lt</a>&nbsp;&nbsp;&nbsp;_fp_init
</UL><P><STRONG><a name="[b87b0c]"></a>_fp_init</STRONG> (ARM, 20 bytes, Stack size 8 bytes, fpinit.o(x$fpl$fpinit))
<BR><BR>[Calls]<UL><LI><a href="#[b851c4]">&gt&gt</a>&nbsp;&nbsp;&nbsp;__rt_fp_status_addr
</UL><BR>[Called By]<UL><LI><a href="#[b88c48]">&lt&lt</a>&nbsp;&nbsp;&nbsp;__rt_lib_init
</UL><P><STRONG><a name="[b85140]"></a>__fplib_config_pureend_doubles</STRONG> (ARM, 0 bytes, Stack size 0 bytes, fpinit.o(x$fpl$fpinit), UNUSED)
<P><STRONG><a name="[98ceb8]"></a>Undefined</STRONG> (ARM, 0 bytes, Stack size 0 bytes, startup.o(vectors))
<BR><BR>[Calls]<UL><LI><a href="#[98ceb8]">&gt&gt</a>&nbsp;&nbsp;&nbsp;Undefined
</UL><BR>[Called By]<UL><LI><a href="#[98ceb8]">&lt&lt</a>&nbsp;&nbsp;&nbsp;Undefined
</UL><BR>[Address Reference Count : 1]<UL><LI> startup.o(vectors)
</UL><P><STRONG><a name="[98ce40]"></a>SoftwareInterrupt</STRONG> (ARM, 0 bytes, Stack size 0 bytes, startup.o(vectors))
<BR><BR>[Calls]<UL><LI><a href="#[98ce40]">&gt&gt</a>&nbsp;&nbsp;&nbsp;SoftwareInterrupt
</UL><BR>[Called By]<UL><LI><a href="#[98ce40]">&lt&lt</a>&nbsp;&nbsp;&nbsp;SoftwareInterrupt
</UL><BR>[Address Reference Count : 1]<UL><LI> startup.o(vectors)
</UL><P><STRONG><a name="[98cdcc]"></a>PrefetchAbort</STRONG> (ARM, 0 bytes, Stack size 0 bytes, startup.o(vectors))
<BR><BR>[Calls]<UL><LI><a href="#[98cdcc]">&gt&gt</a>&nbsp;&nbsp;&nbsp;PrefetchAbort
</UL><BR>[Called By]<UL><LI><a href="#[98cdcc]">&lt&lt</a>&nbsp;&nbsp;&nbsp;PrefetchAbort
</UL><BR>[Address Reference Count : 1]<UL><LI> startup.o(vectors)
</UL><P><STRONG><a name="[98cd5c]"></a>DataAbort</STRONG> (ARM, 0 bytes, Stack size 0 bytes, startup.o(vectors))
<BR><BR>[Calls]<UL><LI><a href="#[98cd5c]">&gt&gt</a>&nbsp;&nbsp;&nbsp;DataAbort
</UL><BR>[Called By]<UL><LI><a href="#[98cd5c]">&lt&lt</a>&nbsp;&nbsp;&nbsp;DataAbort
</UL><BR>[Address Reference Count : 1]<UL><LI> startup.o(vectors)
</UL><P><STRONG><a name="[98ccec]"></a>FIQ_Handler</STRONG> (ARM, 0 bytes, Stack size 0 bytes, startup.o(vectors))
<BR><BR>[Calls]<UL><LI><a href="#[98c048]">&gt&gt</a>&nbsp;&nbsp;&nbsp;FIQ_Exception
</UL><BR>[Address Reference Count : 1]<UL><LI> startup.o(vectors)
</UL><P><STRONG><a name="[98cc7c]"></a>InitStack</STRONG> (ARM, 0 bytes, Stack size 0 bytes, startup.o(vectors))
<BR>[Called By]<UL><LI><a href="#[98cc0c]">&lt&lt</a>&nbsp;&nbsp;&nbsp;ResetInit
</UL><P><STRONG><a name="[98cc0c]"></a>ResetInit</STRONG> (ARM, 0 bytes, Stack size 0 bytes, startup.o(vectors))
<BR><BR>[Calls]<UL><LI><a href="#[98cc7c]">&gt&gt</a>&nbsp;&nbsp;&nbsp;InitStack
<LI><a href="#[98bf68]">&gt&gt</a>&nbsp;&nbsp;&nbsp;TargetResetInit
<LI><a href="#[98bfdc]">&gt&gt</a>&nbsp;&nbsp;&nbsp;__main
</UL><BR>[Address Reference Count : 1]<UL><LI> startup.o(vectors)
</UL><P><STRONG><a name="[b8a830]"></a>_move_region</STRONG> (ARM, 0 bytes, Stack size 0 bytes, __main.o(!!!))
<BR>[Called By]<UL><LI><a href="#[98bfdc]">&lt&lt</a>&nbsp;&nbsp;&nbsp;__main
</UL><P><STRONG><a name="[b8a7c0]"></a>_move_loop</STRONG> (ARM, 0 bytes, Stack size 0 bytes, __main.o(!!!))
<BR>[Called By]<UL><LI><a href="#[98bfdc]">&lt&lt</a>&nbsp;&nbsp;&nbsp;__main
</UL><P><STRONG><a name="[b8a6dc]"></a>_zero_region</STRONG> (ARM, 0 bytes, Stack size 0 bytes, __main.o(!!!))
<BR>[Called By]<UL><LI><a href="#[98bfdc]">&lt&lt</a>&nbsp;&nbsp;&nbsp;__main
</UL><P><STRONG><a name="[b8a750]"></a>_zero_loop</STRONG> (ARM, 0 bytes, Stack size 0 bytes, __main.o(!!!))
<BR>[Called By]<UL><LI><a href="#[98bfdc]">&lt&lt</a>&nbsp;&nbsp;&nbsp;__main
</UL><P><STRONG><a name="[b89770]"></a>_memcpy_dest_aligned</STRONG> (ARM, 0 bytes, Stack size 0 bytes, rt_memcpy.o(.text))
<BR>[Called By]<UL><LI><a href="#[b8f340]">&lt&lt</a>&nbsp;&nbsp;&nbsp;__rt_memcpy
</UL><P><STRONG><a name="[b8992c]"></a>_memcpy_src1_loop</STRONG> (ARM, 0 bytes, Stack size 0 bytes, rt_memcpy.o(.text))
<BR>[Called By]<UL><LI><a href="#[b8f340]">&lt&lt</a>&nbsp;&nbsp;&nbsp;__rt_memcpy
</UL><P><STRONG><a name="[b898b4]"></a>_memcpy_src2_loop</STRONG> (ARM, 0 bytes, Stack size 0 bytes, rt_memcpy.o(.text))
<BR>[Called By]<UL><LI><a href="#[b8f340]">&lt&lt</a>&nbsp;&nbsp;&nbsp;__rt_memcpy
</UL><P><STRONG><a name="[b8983c]"></a>_memcpy_src3_loop</STRONG> (ARM, 0 bytes, Stack size 0 bytes, rt_memcpy.o(.text))
<BR>[Called By]<UL><LI><a href="#[b8f340]">&lt&lt</a>&nbsp;&nbsp;&nbsp;__rt_memcpy
</UL><P><STRONG><a name="[b88cbc]"></a>__rt_abort1</STRONG> (ARM, 0 bytes, Stack size 0 bytes, kernel.o(.text))
<BR><BR>[Calls]<UL><LI><a href="#[989144]">&gt&gt</a>&nbsp;&nbsp;&nbsp;_sys_exit
</UL><BR>[Called By]<UL><LI><a href="#[b88a08]">&lt&lt</a>&nbsp;&nbsp;&nbsp;__32__rt_exit
</UL><P><STRONG><a name="[b88498]"></a>_memcpy_aligned_loop</STRONG> (ARM, 0 bytes, Stack size 0 bytes, rt_memcpy_w.o(.text))
<BR>[Called By]<UL><LI><a href="#[b89684]">&lt&lt</a>&nbsp;&nbsp;&nbsp;__rt_memcpy_w
</UL><P><STRONG><a name="[b883d4]"></a>_memcpy_small</STRONG> (ARM, 0 bytes, Stack size 0 bytes, rt_memcpy_w.o(.text))
<BR>[Called By]<UL><LI><a href="#[b89684]">&lt&lt</a>&nbsp;&nbsp;&nbsp;__rt_memcpy_w
</UL><P><STRONG><a name="[b866ec]"></a>_heap_overflow</STRONG> (ARM, 0 bytes, Stack size 0 bytes, stkheap1.o(.text), UNUSED)
<BR>[Called By]<UL><LI><a href="#[b86584]">&lt&lt</a>&nbsp;&nbsp;&nbsp;__rt_heap_extend
</UL><P><STRONG><a name="[b87a98]"></a>__Heap_DescSize</STRONG> (Thumb, 0 bytes, Stack size 0 bytes, UNDEFINED)
<BR>[Called By]<UL><LI><a href="#[b88c48]">&lt&lt</a>&nbsp;&nbsp;&nbsp;__rt_lib_init (Weak Reference)
</UL><P><STRONG><a name="[b871fc]"></a>__alloca_initialize</STRONG> (Thumb, 0 bytes, Stack size 0 bytes, UNDEFINED)
<BR>[Called By]<UL><LI><a href="#[b88c48]">&lt&lt</a>&nbsp;&nbsp;&nbsp;__rt_lib_init (Weak Reference)
</UL><P><STRONG><a name="[b87274]"></a>__call_ctors()</STRONG> (Thumb, 0 bytes, Stack size 0 bytes, UNDEFINED)
<BR>[Called By]<UL><LI><a href="#[b88c48]">&lt&lt</a>&nbsp;&nbsp;&nbsp;__rt_lib_init (Weak Reference)
</UL><P><STRONG><a name="[b87188]"></a>__cpp_finalise</STRONG> (Thumb, 0 bytes, Stack size 0 bytes, UNDEFINED)
<BR>[Called By]<UL><LI><a href="#[b88aec]">&lt&lt</a>&nbsp;&nbsp;&nbsp;__rt_lib_shutdown (Weak Reference)
</UL><P><STRONG><a name="[b872ec]"></a>__cpp_initialise</STRONG> (Thumb, 0 bytes, Stack size 0 bytes, UNDEFINED)
<BR>[Called By]<UL><LI><a href="#[b88c48]">&lt&lt</a>&nbsp;&nbsp;&nbsp;__rt_lib_init (Weak Reference)
</UL><P><STRONG><a name="[b879b0]"></a>__rt_get_argv</STRONG> (Thumb, 0 bytes, Stack size 0 bytes, UNDEFINED)
<BR>[Called By]<UL><LI><a href="#[b88c48]">&lt&lt</a>&nbsp;&nbsp;&nbsp;__rt_lib_init (Weak Reference)
</UL><P><STRONG><a name="[b86674]"></a>__user_heap_extend</STRONG> (Thumb, 0 bytes, Stack size 0 bytes, UNDEFINED, UNUSED)
<BR>[Called By]<UL><LI><a href="#[b86584]">&lt&lt</a>&nbsp;&nbsp;&nbsp;__rt_heap_extend (Weak Reference)
</UL><P><STRONG><a name="[b865fc]"></a>__user_stack_slop</STRONG> (Thumb, 0 bytes, Stack size 0 bytes, UNDEFINED)
<BR>[Called By]<UL><LI><a href="#[b88bd0]">&lt&lt</a>&nbsp;&nbsp;&nbsp;__rt_stackheap_init (Weak Reference)
</UL><P><STRONG><a name="[b87528]"></a>_atexit_init</STRONG> (Thumb, 0 bytes, Stack size 0 bytes, UNDEFINED)
<BR>[Called By]<UL><LI><a href="#[b88c48]">&lt&lt</a>&nbsp;&nbsp;&nbsp;__rt_lib_init (Weak Reference)
</UL><P><STRONG><a name="[b87f94]"></a>_call_atexit_fns</STRONG> (Thumb, 0 bytes, Stack size 0 bytes, UNDEFINED)
<BR>[Called By]<UL><LI><a href="#[b88b64]">&lt&lt</a>&nbsp;&nbsp;&nbsp;exit (Weak Reference)
</UL><P><STRONG><a name="[b87444]"></a>_clock_init</STRONG> (Thumb, 0 bytes, Stack size 0 bytes, UNDEFINED)
<BR>[Called By]<UL><LI><a href="#[b88c48]">&lt&lt</a>&nbsp;&nbsp;&nbsp;__rt_lib_init (Weak Reference)
</UL><P><STRONG><a name="[b877e4]"></a>_get_lc_collate</STRONG> (Thumb, 0 bytes, Stack size 0 bytes, UNDEFINED)
<BR>[Called By]<UL><LI><a href="#[b88c48]">&lt&lt</a>&nbsp;&nbsp;&nbsp;__rt_lib_init (Weak Reference)
</UL><P><STRONG><a name="[b876fc]"></a>_get_lc_ctype</STRONG> (Thumb, 0 bytes, Stack size 0 bytes, UNDEFINED)
<BR>[Called By]<UL><LI><a href="#[b88c48]">&lt&lt</a>&nbsp;&nbsp;&nbsp;__rt_lib_init (Weak Reference)
</UL><P><STRONG><a name="[b87684]"></a>_get_lc_monetary</STRONG> (Thumb, 0 bytes, Stack size 0 bytes, UNDEFINED)
<BR>[Called By]<UL><LI><a href="#[b88c48]">&lt&lt</a>&nbsp;&nbsp;&nbsp;__rt_lib_init (Weak Reference)
</UL><P><STRONG><a name="[b87610]"></a>_get_lc_numeric</STRONG> (Thumb, 0 bytes, Stack size 0 bytes, UNDEFINED)
<BR>[Called By]<UL><LI><a href="#[b88c48]">&lt&lt</a>&nbsp;&nbsp;&nbsp;__rt_lib_init (Weak Reference)
</UL><P><STRONG><a name="[b8759c]"></a>_get_lc_time</STRONG> (Thumb, 0 bytes, Stack size 0 bytes, UNDEFINED)
<BR>[Called By]<UL><LI><a href="#[b88c48]">&lt&lt</a>&nbsp;&nbsp;&nbsp;__rt_lib_init (Weak Reference)
</UL><P><STRONG><a name="[b873d0]"></a>_getenv_init</STRONG> (Thumb, 0 bytes, Stack size 0 bytes, UNDEFINED)
<BR>[Called By]<UL><LI><a href="#[b88c48]">&lt&lt</a>&nbsp;&nbsp;&nbsp;__rt_lib_init (Weak Reference)
</UL><P><STRONG><a name="[b87940]"></a>_init_alloc</STRONG> (Thumb, 0 bytes, Stack size 0 bytes, UNDEFINED)
<BR>[Called By]<UL><LI><a href="#[b88c48]">&lt&lt</a>&nbsp;&nbsp;&nbsp;__rt_lib_init (Weak Reference)
</UL><P><STRONG><a name="[b878c8]"></a>_init_user_alloc</STRONG> (Thumb, 0 bytes, Stack size 0 bytes, UNDEFINED)
<BR>[Called By]<UL><LI><a href="#[b88c48]">&lt&lt</a>&nbsp;&nbsp;&nbsp;__rt_lib_init (Weak Reference)
</UL><P><STRONG><a name="[b87364]"></a>_initio</STRONG> (Thumb, 0 bytes, Stack size 0 bytes, UNDEFINED)
<BR>[Called By]<UL><LI><a href="#[b88c48]">&lt&lt</a>&nbsp;&nbsp;&nbsp;__rt_lib_init (Weak Reference)
</UL><P><STRONG><a name="[b87858]"></a>_rand_init</STRONG> (Thumb, 0 bytes, Stack size 0 bytes, UNDEFINED)
<BR>[Called By]<UL><LI><a href="#[b88c48]">&lt&lt</a>&nbsp;&nbsp;&nbsp;__rt_lib_init (Weak Reference)
</UL><P><STRONG><a name="[b874b4]"></a>_signal_init</STRONG> (Thumb, 0 bytes, Stack size 0 bytes, UNDEFINED)
<BR>[Called By]<UL><LI><a href="#[b88c48]">&lt&lt</a>&nbsp;&nbsp;&nbsp;__rt_lib_init (Weak Reference)
</UL><P><STRONG><a name="[b87098]"></a>_terminate_user_alloc</STRONG> (Thumb, 0 bytes, Stack size 0 bytes, UNDEFINED)
<BR>[Called By]<UL><LI><a href="#[b88aec]">&lt&lt</a>&nbsp;&nbsp;&nbsp;__rt_lib_shutdown (Weak Reference)
</UL><P><STRONG><a name="[b87114]"></a>_terminateio</STRONG> (Thumb, 0 bytes, Stack size 0 bytes, UNDEFINED)
<BR>[Called By]<UL><LI><a href="#[b88aec]">&lt&lt</a>&nbsp;&nbsp;&nbsp;__rt_lib_shutdown (Weak Reference)
</UL><HR></body></html>