
================================================================================

Section Cross References

    startup.o(vectors) refers to target.o(.text) for FIQ_Exception
    startup.o(vectors) refers to __main.o(!!!) for __main
    startup.o(vectors) refers to startup.o(MyStacks) for SvcStackSpace
    startup.o(vectors) refers to startup.o(Stacks) for StackUsr
    startup.o(vectors) refers to startup.o(Heap) for bottom_of_heap
    startup.o(vectors) refers (Special) to use_no_semi.o(.text) for __use_no_semihosting_swi
    startup.o(MyStacks) refers (Special) to use_no_semi.o(.text) for __use_no_semihosting_swi
    startup.o(Heap) refers (Special) to use_no_semi.o(.text) for __use_no_semihosting_swi
    startup.o(Stacks) refers (Special) to use_no_semi.o(.text) for __use_no_semihosting_swi
    target.o(.text) refers (Special) to use_no_semi.o(.text) for __use_no_semihosting_swi
    leddisp.o(.text) refers to rt_memcpy.o(.text) for __rt_memcpy
    leddisp.o(.text) refers to leddisp.o(.constdata) for .constdata$1
    leddisp.o(.text) refers (Special) to __main.o(!!!) for __main
    leddisp.o(.text) refers (Special) to _no_redirect.o(.text) for _main
    leddisp.o(.constdata) refers (Special) to __main.o(!!!) for __main
    leddisp.o(.constdata) refers (Special) to _no_redirect.o(.text) for _main
    __main.o(!!!) refers to kernel.o(.text) for __rt_entry
    rt_memcpy.o(.text) refers to rt_memcpy_w.o(.text) for _memcpy_lastbytes
    kernel.o(.text) refers to stkheap1.o(.text) for __rt_stackheap_init
    kernel.o(.text) refers to lib_init.o(.text) for __rt_lib_init
    kernel.o(.text) refers to leddisp.o(.text) for main
    kernel.o(.text) refers to exit.o(.text) for exit
    kernel.o(.text) refers to target.o(.text) for _sys_exit
    exit.o(.text) refers to kernel.o(.text) for __rt_exit
    lib_init.o(.text) refers to fpinit.o(x$fpl$fpinit) for _fp_init
    lib_init.o(.text) refers to libspace.o(.text) for __user_libspace
    stkheap1.o(.text) refers to libspace.o(.text) for __user_libspace
    stkheap1.o(.text) refers to startup.o(vectors) for __user_initial_stackheap
    libspace.o(.text) refers to libspace.o(.bss) for __libspace_start
    fpinit.o(x$fpl$fpinit) refers to rt_fp_status_addr.o(.text) for __rt_fp_status_addr
    rt_fp_status_addr.o(.text) refers to libspace.o(.text) for __user_libspace


================================================================================

Removing Unused input sections from the image.

    Removing irq.o(IRQ), (0 bytes).

1 unused section(s) (total 0 bytes) removed from the image.

================================================================================

Image Symbol Table

    Mapping Symbols

    Sym    Value        Execution Region

    $a     0x00000000   ROM_EXEC
    $d     0x00000014   ROM_EXEC
    $a     0x00000018   ROM_EXEC
    $d     0x00000020   ROM_EXEC
    $f     0x00000020   ROM_EXEC
    $f     0x00000024   ROM_EXEC
    $f     0x00000028   ROM_EXEC
    $f     0x0000002c   ROM_EXEC
    $f     0x00000030   ROM_EXEC
    $f     0x0000003c   ROM_EXEC
    $a     0x00000040   ROM_EXEC
    $d     0x000000ac   ROM_EXEC
    $a     0x000000c8   ROM_EXEC
    $d     0x00000160   ROM_EXEC
    $a     0x00000170   ROM_EXEC
    $d     0x00000250   ROM_EXEC
    $a     0x00000254   ROM_EXEC
    $d     0x00000334   ROM_EXEC
    $a     0x00000340   ROM_EXEC
    $d     0x000005a4   ROM_EXEC
    $a     0x000005a8   ROM_EXEC
    $d     0x000006ac   ROM_EXEC
    $a     0x000006b0   ROM_EXEC
    $d     0x000006d4   ROM_EXEC
    $d     0x40000000   IRAM
    $d     0x40000460   HEAP

    Local Symbols

    Symbol Name                              Value     Ov Type        Size  Object(Section)

    src\IRQ.s                                0x00000000   Number         0  irq.o ABSOLUTE
    USR32Mode                                0x00000010   Number         0  irq.o ABSOLUTE
    FIQ32Mode                                0x00000011   Number         0  irq.o ABSOLUTE
    IRQ32Mode                                0x00000012   Number         0  irq.o ABSOLUTE
    SVC32Mode                                0x00000013   Number         0  irq.o ABSOLUTE
    SYS32Mode                                0x0000001f   Number         0  irq.o ABSOLUTE
    NoInt                                    0x00000080   Number         0  irq.o ABSOLUTE
    src\Startup.s                            0x00000000   Number         0  startup.o ABSOLUTE
    <Anonymous Symbol>                       0x00000000   Data          88  startup.o(.debug_info)
    MyStacks                                 0x40000060   Data        1024  startup.o(MyStacks)
    <Anonymous Symbol>                       0x00000000   Data          16  startup.o(.debug_abbrev)
    vectors                                  0x00000000   ARM Code     200  startup.o(vectors)
    Stacks                                   0x40004000   Number         0  startup.o(Stacks)
    Heap                                     0x40000460   Data           4  startup.o(Heap)
    <Anonymous Symbol>                       0x00000000   Data         116  startup.o(.debug_line)
    ABT_STACK_LEGTH                          0x00000000   Number         0  startup.o ABSOLUTE
    FIQ_STACK_LEGTH                          0x00000000   Number         0  startup.o ABSOLUTE
    SVC_STACK_LEGTH                          0x00000000   Number         0  startup.o ABSOLUTE
    UND_STACK_LEGTH                          0x00000000   Number         0  startup.o ABSOLUTE
    USR32Mode                                0x00000010   Number         0  startup.o ABSOLUTE
    FIQ32Mode                                0x00000011   Number         0  startup.o ABSOLUTE
    IRQ32Mode                                0x00000012   Number         0  startup.o ABSOLUTE
    SVC32Mode                                0x00000013   Number         0  startup.o ABSOLUTE
    SYS32Mode                                0x0000001f   Number         0  startup.o ABSOLUTE
    ResetAddr                                0x00000020   Data           4  startup.o(vectors)
    UndefinedAddr                            0x00000024   Data           4  startup.o(vectors)
    SWI_Addr                                 0x00000028   Data           4  startup.o(vectors)
    PrefetchAddr                             0x0000002c   Data           4  startup.o(vectors)
    DataAbortAddr                            0x00000030   Data           4  startup.o(vectors)
    Nouse                                    0x00000034   Data           4  startup.o(vectors)
    IRQ_Addr                                 0x00000038   Data           4  startup.o(vectors)
    FIQ_Addr                                 0x0000003c   Data           4  startup.o(vectors)
    Undefined                                0x00000040   ARM Code       0  startup.o(vectors)
    SoftwareInterrupt                        0x00000044   ARM Code       0  startup.o(vectors)
    PrefetchAbort                            0x00000048   ARM Code       0  startup.o(vectors)
    DataAbort                                0x0000004c   ARM Code       0  startup.o(vectors)
    FIQ_Handler                              0x00000050   ARM Code       0  startup.o(vectors)
    InitStack                                0x00000060   ARM Code       0  startup.o(vectors)
    NoInt                                    0x00000080   Number         0  startup.o ABSOLUTE
    ResetInit                                0x00000098   ARM Code       0  startup.o(vectors)
    StackSvc                                 0x000000ac   Data           4  startup.o(vectors)
    StackIrq                                 0x000000b0   Data           4  startup.o(vectors)
    StackFiq                                 0x000000b4   Data           4  startup.o(vectors)
    StackAbt                                 0x000000b8   Data           4  startup.o(vectors)
    StackUnd                                 0x000000bc   Data           4  startup.o(vectors)
    IRQ_STACK_LEGTH                          0x00000100   Number         0  startup.o ABSOLUTE
    IrqStackSpace                            0x40000060   Data        1024  startup.o(MyStacks)
    SvcStackSpace                            0x40000060   Data           0  startup.o(MyStacks)
    AbtStackSpace                            0x40000460   Data           0  startup.o(MyStacks)
    FiqStackSpace                            0x40000460   Data           0  startup.o(MyStacks)
    UndtStackSpace                           0x40000460   Data           0  startup.o(MyStacks)
    src\target.c                             0x00000000   Number         0  target.o ABSOLUTE
    .text                                    0x00000170   ARM Code       0  target.o(.text)
    C$debug_frame43                          0x00000000   Data           0  target.o(.debug_frame)
    C$debug_loc42                            0x00000000   Data           0  target.o(.debug_loc)
    C$debug_macinfo5                         0x00000000   Data           0  target.o(.debug_macinfo)
    C$debug_pubnames40                       0x00000000   Data           0  target.o(.debug_pubnames)
    C$debug_abbrev0                          0x00000010   Data           0  target.o(.debug_abbrev)
    C$debug_info3                            0x00000058   Data           0  target.o(.debug_info)
    C$debug_line2                            0x00000074   Data           0  target.o(.debug_line)
    C$debug_info33                           0x000000b8   Data           0  target.o(.debug_info)
    C$debug_line38                           0x0000011c   Data           0  target.o(.debug_line)
    C$debug_pubnames10                       0x00000128   Data           0  target.o(.debug_pubnames)
    C$debug_macinfo11                        0x00000184   Data           0  target.o(.debug_macinfo)
    C$debug_pubnames28                       0x0000018c   Data           0  target.o(.debug_pubnames)
    C$debug_info27                           0x00000198   Data           0  target.o(.debug_info)
    C$debug_line8                            0x000001d4   Data           0  target.o(.debug_line)
    C$debug_pubnames34                       0x000001e4   Data           0  target.o(.debug_pubnames)
    C$debug_macinfo29                        0x000001fc   Data           0  target.o(.debug_macinfo)
    C$debug_line26                           0x0000021c   Data           0  target.o(.debug_line)
    C$debug_macinfo35                        0x00000248   Data           0  target.o(.debug_macinfo)
    C$debug_line32                           0x0000026c   Data           0  target.o(.debug_line)
    C$debug_info39                           0x0000027c   Data           0  target.o(.debug_info)
    C$debug_info9                            0x000007b0   Data           0  target.o(.debug_info)
    src\LEDDISP.C                            0x00000000   Number         0  leddisp.o ABSOLUTE
    .text                                    0x00000254   ARM Code       0  leddisp.o(.text)
    .constdata                               0x000006d4   Data           0  leddisp.o(.constdata)
    C$debug_abbrev0                          0x00000010   Data           0  target.o(.debug_abbrev)
    C$debug_pubnames10                       0x00000128   Data           0  target.o(.debug_pubnames)
    C$debug_frame31                          0x0000014c   Data           0  leddisp.o(.debug_frame)
    C$debug_macinfo11                        0x00000184   Data           0  target.o(.debug_macinfo)
    C$debug_line8                            0x000001d4   Data           0  target.o(.debug_line)
    C$debug_pubnames28                       0x00000268   Data           0  leddisp.o(.debug_pubnames)
    C$debug_line2                            0x00000294   Data           0  leddisp.o(.debug_line)
    C$debug_loc30                            0x000002c0   Data           0  leddisp.o(.debug_loc)
    C$debug_line26                           0x00000328   Data           0  leddisp.o(.debug_line)
    C$debug_macinfo5                         0x00000434   Data           0  leddisp.o(.debug_macinfo)
    .constdata$1                             0x000006d4   Data           0  leddisp.o(.constdata)
    C$debug_info9                            0x000007b0   Data           0  target.o(.debug_info)
    C$debug_info3                            0x000008a4   Data           0  leddisp.o(.debug_info)
    C$debug_info27                           0x000008fc   Data           0  leddisp.o(.debug_info)
    ../../angel/startup.s                    0x00000000   Number         0  __main.o ABSOLUTE
    !!!                                      0x000000c8   ARM Code     168  __main.o(!!!)
    <Anonymous Symbol>                       0x000001c0   Data          60  __main.o(.debug_frame)
    _move_region                             0x000000e8   ARM Code       0  __main.o(!!!)
    _move_loop                               0x00000118   ARM Code       0  __main.o(!!!)
    _zero_region                             0x0000012c   ARM Code       0  __main.o(!!!)
    _zero_loop                               0x00000150   ARM Code       0  __main.o(!!!)
    _region_table                            0x00000160   Data           0  __main.o(!!!)
    ../../armsys.c                           0x00000000   Number         0  _no_redirect.o ABSOLUTE
    .text                                    0x00000340   ARM Code       0  _no_redirect.o(.text)
    C$debug_frame18                          0x000001fc   Data           0  _no_redirect.o(.debug_frame)
    ../../memcpset.s                         0x00000000   Number         0  rt_memcpy.o ABSOLUTE
    .text                                    0x00000348   ARM Code     180  rt_memcpy.o(.text)
    <Anonymous Symbol>                       0x00000248   Data          60  rt_memcpy.o(.debug_frame)
    _memcpy_dest_aligned                     0x0000037c   ARM Code       0  rt_memcpy.o(.text)
    _memcpy_src1_loop                        0x0000039c   ARM Code       0  rt_memcpy.o(.text)
    _memcpy_src2_loop                        0x000003bc   ARM Code       0  rt_memcpy.o(.text)
    _memcpy_src3_loop                        0x000003dc   ARM Code       0  rt_memcpy.o(.text)
    ../../angel/sys.s                        0x00000000   Number         0  use_no_semi.o ABSOLUTE
    <Anonymous Symbol>                       0x00000284   Data          68  use_no_semi.o(.debug_frame)
    .text                                    0x000003fc   ARM Code       4  use_no_semi.o(.text)
    ../../angel/kernel.s                     0x00000000   Number         0  kernel.o ABSOLUTE
    <Anonymous Symbol>                       0x000002c8   Data          88  kernel.o(.debug_frame)
    .text                                    0x00000400   ARM Code      40  kernel.o(.text)
    __rt_abort1                              0x00000424   ARM Code       0  kernel.o(.text)
    ../../memcpset.s                         0x00000000   Number         0  rt_memcpy_w.o ABSOLUTE
    <Anonymous Symbol>                       0x00000320   Data          84  rt_memcpy_w.o(.debug_frame)
    .text                                    0x00000428   ARM Code     108  rt_memcpy_w.o(.text)
    _memcpy_aligned_loop                     0x00000434   ARM Code       0  rt_memcpy_w.o(.text)
    _memcpy_small                            0x0000044c   ARM Code       0  rt_memcpy_w.o(.text)
    ../../stdlib.c                           0x00000000   Number         0  exit.o ABSOLUTE
    .text                                    0x00000494   ARM Code       0  exit.o(.text)
    C$debug_frame12                          0x00000374   Data           0  exit.o(.debug_frame)
    ../../armsys.c                           0x00000000   Number         0  lib_init.o ABSOLUTE
    .text                                    0x000004ac   ARM Code       0  lib_init.o(.text)
    C$debug_frame18                          0x000003c0   Data           0  lib_init.o(.debug_frame)
    ../../stkheap1.s                         0x00000000   Number         0  stkheap1.o ABSOLUTE
    <Anonymous Symbol>                       0x0000043c   Data         128  stkheap1.o(.debug_frame)
    .text                                    0x000005a8   ARM Code     252  stkheap1.o(.text)
    _heap_overflow                           0x00000694   ARM Code       0  stkheap1.o(.text)
    ../../angel/sys.s                        0x00000000   Number         0  libspace.o ABSOLUTE
    .bss                                     0x40000000   Data          96  libspace.o(.bss)
    <Anonymous Symbol>                       0x000004bc   Data          68  libspace.o(.debug_frame)
    .text                                    0x000006a4   ARM Code      12  libspace.o(.text)
    __libspace_start                         0x40000000   Data          96  libspace.o(.bss)
    ../../fpinit.s                           0x00000000   Number         0  fpinit.o ABSOLUTE
    x$fpl$fpinit                             0x000006c0   ARM Code      20  fpinit.o(x$fpl$fpinit)
    <Anonymous Symbol>                       0x00000500   Data          76  fpinit.o(.debug_frame)
    ../../angel/rt.s                         0x00000000   Number         0  rt_fp_status_addr.o ABSOLUTE
    <Anonymous Symbol>                       0x0000054c   Data          76  rt_fp_status_addr.o(.debug_frame)
    .text                                    0x000006b0   ARM Code      16  rt_fp_status_addr.o(.text)

    Global Symbols

    Symbol Name                              Value     Ov Type        Size  Object(Section)

    BuildAttributes$$ARM_ISAv4$M$PE$A:L22$X:L11$S22$~IW$USESV6$~STKCKD$USESV7$~SHL$OSPACE 0x00000000   Number         0  anon$$obj.o ABSOLUTE
    Reset                                    0x00000000   ARM Code       0  startup.o(vectors)
    __Heap_DescSize                           - Undefined Weak Reference
    __alloca_initialize                       - Undefined Weak Reference
    __argv_alloc                              - Undefined Weak Reference
    __call_ctors()                            - Undefined Weak Reference
    __cpp_finalise                            - Undefined Weak Reference
    __cpp_initialise                          - Undefined Weak Reference
    __rt_get_argv                             - Undefined Weak Reference
    __user_heap_extend                        - Undefined Weak Reference
    __user_stack_slop                         - Undefined Weak Reference
    _atexit_init                              - Undefined Weak Reference
    _call_atexit_fns                          - Undefined Weak Reference
    _clock_init                               - Undefined Weak Reference
    _get_lc_collate                           - Undefined Weak Reference
    _get_lc_ctype                             - Undefined Weak Reference
    _get_lc_monetary                          - Undefined Weak Reference
    _get_lc_numeric                           - Undefined Weak Reference
    _get_lc_time                              - Undefined Weak Reference
    _getenv_init                              - Undefined Weak Reference
    _init_alloc                               - Undefined Weak Reference
    _init_user_alloc                          - Undefined Weak Reference
    _initio                                   - Undefined Weak Reference
    _rand_init                                - Undefined Weak Reference
    _signal_init                              - Undefined Weak Reference
    _terminate_user_alloc                     - Undefined Weak Reference
    _terminateio                              - Undefined Weak Reference
    __user_initial_stackheap                 0x000000a4   ARM Code       0  startup.o(vectors)
    __main                                   0x000000c8   ARM Code     152  __main.o(!!!)
    IRQ_Exception                            0x00000170   ARM Code       4  target.o(.text)
    FIQ_Exception                            0x00000174   ARM Code       4  target.o(.text)
    TargetInit                               0x00000178   ARM Code       4  target.o(.text)
    TargetResetInit                          0x0000017c   ARM Code     108  target.o(.text)
    __rt_div0                                0x000001e8   ARM Code       8  target.o(.text)
    fputc                                    0x000001f0   ARM Code       8  target.o(.text)
    fgetc                                    0x000001f8   ARM Code       8  target.o(.text)
    _sys_close                               0x00000200   ARM Code       8  target.o(.text)
    _sys_write                               0x00000208   ARM Code       8  target.o(.text)
    _sys_read                                0x00000210   ARM Code       8  target.o(.text)
    _ttywrch                                 0x00000218   ARM Code       4  target.o(.text)
    _sys_istty                               0x0000021c   ARM Code       8  target.o(.text)
    _sys_seek                                0x00000224   ARM Code       8  target.o(.text)
    _sys_ensure                              0x0000022c   ARM Code       8  target.o(.text)
    _sys_flen                                0x00000234   ARM Code       8  target.o(.text)
    _sys_tmpnam                              0x0000023c   ARM Code       8  target.o(.text)
    _sys_exit                                0x00000244   ARM Code       4  target.o(.text)
    _sys_command_string                      0x00000248   ARM Code       8  target.o(.text)
    DelayNS                                  0x00000254   ARM Code      40  leddisp.o(.text)
    HC595_SendDat                            0x0000027c   ARM Code      92  leddisp.o(.text)
    main                                     0x000002d8   ARM Code      92  leddisp.o(.text)
    _main_redirection                        0x00000340   ARM Code       4  _no_redirect.o(.text)
    _main                                    0x00000344   ARM Code       4  _no_redirect.o(.text)
    __rt_memcpy                              0x00000348   ARM Code     180  rt_memcpy.o(.text)
    __32__use_no_semihosting_swi             0x000003fc   ARM Code       0  use_no_semi.o(.text)
    __semihosting_swi_guard                  0x000003fc   ARM Code       0  use_no_semi.o(.text)
    __use_no_semihosting_swi                 0x000003fc   ARM Code       4  use_no_semi.o(.text)
    __rt_entry                               0x00000400   ARM Code       0  kernel.o(.text)
    __32__rt_exit                            0x00000410   ARM Code       0  kernel.o(.text)
    __rt_exit                                0x00000410   ARM Code      16  kernel.o(.text)
    __32__rt_abort                           0x00000420   ARM Code       0  kernel.o(.text)
    __rt_abort                               0x00000420   ARM Code       8  kernel.o(.text)
    __rt_memcpy_w                            0x00000428   ARM Code     108  rt_memcpy_w.o(.text)
    _memcpy_lastbytes                        0x00000474   ARM Code       0  rt_memcpy_w.o(.text)
    exit                                     0x00000494   ARM Code      24  exit.o(.text)
    __rt_lib_init                            0x000004ac   ARM Code     228  lib_init.o(.text)
    __rt_lib_shutdown                        0x00000590   ARM Code      20  lib_init.o(.text)
    __rt_stackheap_init                      0x000005a8   ARM Code     144  stkheap1.o(.text)
    __rt_heap_extend                         0x00000638   ARM Code     108  stkheap1.o(.text)
    __user_libspace                          0x000006a4   ARM Code       8  libspace.o(.text)
    __rt_fp_status_addr                      0x000006b0   ARM Code      16  rt_fp_status_addr.o(.text)
    _fp_init                                 0x000006c0   ARM Code      20  fpinit.o(x$fpl$fpinit)
    __fplib_config_pureend_doubles           0x000006d0   ARM Code       0  fpinit.o(x$fpl$fpinit)
    Region$$Table$$Base                      0x000006e4   Data           0  anon$$obj.o(Region$$Table)
    Region$$Table$$Limit                     0x00000714   Data           0  anon$$obj.o(Region$$Table)
    ZISection$$Table$$Base                   0x00000714   Data           0  anon$$obj.o(ZISection$$Table)
    ZISection$$Table$$Limit                  0x00000724   Data           0  anon$$obj.o(ZISection$$Table)
    bottom_of_heap                           0x40000460   Data           1  startup.o(Heap)
    StackUsr                                 0x40004000   Data           0  startup.o(Stacks)


================================================================================

Memory Map of the image

  Image Entry point : 0x00000000

  Load Region ROM_LOAD (Base: 0x00000000, Size: 0x00000724, Max: 0xffffffff, ABSOLUTE)

    Execution Region ROM_EXEC (Base: 0x00000000, Size: 0x00000724, Max: 0xffffffff, ABSOLUTE)

    Base Addr    Size         Type   Attr  Idx  E Section Name        Object

    0x00000000   0x000000c8   Code   RO     5   * vectors             startup.o
    0x000000c8   0x000000a8   Code   RO    50   * !!!                 __main.o(c_a__un.l)
    0x00000170   0x000000e4   Code   RO    12     .text               target.o
    0x00000254   0x000000ec   Code   RO    40     .text               leddisp.o
    0x00000340   0x00000008   Code   RO    52     .text               _no_redirect.o(c_a__un.l)
    0x00000348   0x000000b4   Code   RO    54     .text               rt_memcpy.o(c_a__un.l)
    0x000003fc   0x00000004   Code   RO    56     .text               use_no_semi.o(c_a__un.l)
    0x00000400   0x00000028   Code   RO    58     .text               kernel.o(c_a__un.l)
    0x00000428   0x0000006c   Code   RO    60     .text               rt_memcpy_w.o(c_a__un.l)
    0x00000494   0x00000018   Code   RO    62     .text               exit.o(c_a__un.l)
    0x000004ac   0x000000fc   Code   RO    64     .text               lib_init.o(c_a__un.l)
    0x000005a8   0x000000fc   Code   RO    66     .text               stkheap1.o(c_a__un.l)
    0x000006a4   0x0000000c   Code   RO    68     .text               libspace.o(c_a__un.l)
    0x000006b0   0x00000010   Code   RO    73     .text               rt_fp_status_addr.o(c_a__un.l)
    0x000006c0   0x00000014   Code   RO    71     x$fpl$fpinit        fpinit.o(f_a_p.l)
    0x000006d4   0x00000010   Data   RO    41     .constdata          leddisp.o
    0x000006e4   0x00000030   Data   RO    75     Region$$Table       anon$$obj.o
    0x00000714   0x00000010   Data   RO    76     ZISection$$Table    anon$$obj.o


    Execution Region IRAM (Base: 0x40000000, Size: 0x00000460, Max: 0xffffffff, ABSOLUTE)

    Base Addr    Size         Type   Attr  Idx  E Section Name        Object

    0x40000000   0x00000060   Zero   RW    69     .bss                libspace.o(c_a__un.l)
    0x40000060   0x00000400   Zero   RW     6     MyStacks            startup.o


    Execution Region HEAP (Base: 0x40000460, Size: 0x00000004, Max: 0xffffffff, ABSOLUTE, UNINIT)

    Base Addr    Size         Type   Attr  Idx  E Section Name        Object

    0x40000460   0x00000004   Zero   RW     7     Heap                startup.o


    Execution Region STACKS (Base: 0x40004000, Size: 0x00000000, Max: 0xffffffff, ABSOLUTE, UNINIT)

    Base Addr    Size         Type   Attr  Idx  E Section Name        Object

    0x40004000   0x00000000   Zero   RW     8     Stacks              startup.o



  Load Region LR$$Debug (Base: 0x00000000, Size: 0x00000000, Max: 0xffffffff, ABSOLUTE)

    Execution Region ER$$Debug (Base: 0x00000000, Size: 0x00000000, Max: 0xffffffff, ABSOLUTE)

    Base Addr    Size         Type   Attr  Idx  E Section Name        Object

    0x00000000   0x00000010   Dbug   RW    11     .debug_abbrev       startup.o
    0x00000010   0x000003ec   Dbug   RW    21     .debug_abbrev       target.o
    0x00000000   0x0000014c   Dbug   RW    20     .debug_frame        target.o
    0x0000014c   0x00000074   Dbug   RW    49     .debug_frame        leddisp.o
    0x000001c0   0x0000003c   Dbug   RW    51     .debug_frame        __main.o(c_a__un.l)
    0x000001fc   0x0000004c   Dbug   RW    53     .debug_frame        _no_redirect.o(c_a__un.l)
    0x00000248   0x0000003c   Dbug   RW    55     .debug_frame        rt_memcpy.o(c_a__un.l)
    0x00000284   0x00000044   Dbug   RW    57     .debug_frame        use_no_semi.o(c_a__un.l)
    0x000002c8   0x00000058   Dbug   RW    59     .debug_frame        kernel.o(c_a__un.l)
    0x00000320   0x00000054   Dbug   RW    61     .debug_frame        rt_memcpy_w.o(c_a__un.l)
    0x00000374   0x0000004c   Dbug   RW    63     .debug_frame        exit.o(c_a__un.l)
    0x000003c0   0x0000007c   Dbug   RW    65     .debug_frame        lib_init.o(c_a__un.l)
    0x0000043c   0x00000080   Dbug   RW    67     .debug_frame        stkheap1.o(c_a__un.l)
    0x000004bc   0x00000044   Dbug   RW    70     .debug_frame        libspace.o(c_a__un.l)
    0x00000500   0x0000004c   Dbug   RW    72     .debug_frame        fpinit.o(f_a_p.l)
    0x0000054c   0x0000004c   Dbug   RW    74     .debug_frame        rt_fp_status_addr.o(c_a__un.l)
    0x00000000   0x00000058   Dbug   RW     9     .debug_info         startup.o
    0x00000058   0x00000060   Dbug   RW    14     .debug_info         target.o
    0x000000b8   0x000000e0   Dbug   RW    37     .debug_info         target.o
    0x00000198   0x000000e4   Dbug   RW    33     .debug_info         target.o
    0x0000027c   0x00000534   Dbug   RW    17     .debug_info         target.o
    0x000007b0   0x000000f4   Dbug   RW    29     .debug_info         target.o
    0x000008a4   0x00000058   Dbug   RW    43     .debug_info         leddisp.o
    0x000008fc   0x00000194   Dbug   RW    46     .debug_info         leddisp.o
    0x00000000   0x00000074   Dbug   RW    10     .debug_line         startup.o
    0x00000074   0x000000a8   Dbug   RW    13     .debug_line         target.o
    0x0000011c   0x000000b8   Dbug   RW    16     .debug_line         target.o
    0x000001d4   0x00000048   Dbug   RW    28     .debug_line         target.o
    0x0000021c   0x00000050   Dbug   RW    32     .debug_line         target.o
    0x0000026c   0x00000028   Dbug   RW    36     .debug_line         target.o
    0x00000294   0x00000094   Dbug   RW    42     .debug_line         leddisp.o
    0x00000328   0x000000a0   Dbug   RW    45     .debug_line         leddisp.o
    0x00000000   0x000002c0   Dbug   RW    19     .debug_loc          target.o
    0x000002c0   0x000000cc   Dbug   RW    48     .debug_loc          leddisp.o
    0x00000000   0x00000184   Dbug   RW    15     .debug_macinfo      target.o
    0x00000184   0x00000078   Dbug   RW    31     .debug_macinfo      target.o
    0x000001fc   0x0000004c   Dbug   RW    35     .debug_macinfo      target.o
    0x00000248   0x000001ec   Dbug   RW    39     .debug_macinfo      target.o
    0x00000434   0x000001c4   Dbug   RW    44     .debug_macinfo      leddisp.o
    0x00000000   0x00000128   Dbug   RW    18     .debug_pubnames     target.o
    0x00000128   0x00000064   Dbug   RW    30     .debug_pubnames     target.o
    0x0000018c   0x00000058   Dbug   RW    34     .debug_pubnames     target.o
    0x000001e4   0x00000084   Dbug   RW    38     .debug_pubnames     target.o
    0x00000268   0x0000003c   Dbug   RW    47     .debug_pubnames     leddisp.o


================================================================================

Image component sizes


      Code    RO Data    RW Data    ZI Data      Debug   Object Name

       200          0          0       1028        220   startup.o
         0         64          0          0          0   anon$$obj.o
       236         16          0          0       1632   leddisp.o
       228          0          0          0       6400   target.o

    ------------------------------------------------------------------------
       664         80          0       1028       8252   Object Totals

    ------------------------------------------------------------------------

      Code    RO Data    RW Data    ZI Data      Debug   Library Member Name

       252          0          0          0        128   stkheap1.o
        40          0          0          0         88   kernel.o
         8          0          0          0         76   _no_redirect.o
         4          0          0          0         68   use_no_semi.o
        12          0          0         96         68   libspace.o
       180          0          0          0         60   rt_memcpy.o
       168          0          0          0         60   __main.o
       108          0          0          0         84   rt_memcpy_w.o
        16          0          0          0         76   rt_fp_status_addr.o
        24          0          0          0         76   exit.o
       252          0          0          0        124   lib_init.o
        20          0          0          0         76   fpinit.o

    ------------------------------------------------------------------------
      1084          0          0         96        984   Library Totals

    ------------------------------------------------------------------------

      Code    RO Data    RW Data    ZI Data      Debug   Library Name

        20          0          0          0         76   f_a_p.l
      1064          0          0         96        908   c_a__un.l

    ------------------------------------------------------------------------
      1084          0          0         96        984   Library Totals

    ------------------------------------------------------------------------

================================================================================


      Code    RO Data    RW Data    ZI Data      Debug   

      1748         80          0       1124       9236   Grand Totals

================================================================================

    Total RO  Size(Code + RO Data)                 1828 (   1.79kB)
    Total RW  Size(RW Data + ZI Data)              1124 (   1.10kB)
    Total ROM Size(Code + RO Data + RW Data)       1828 (   1.79kB)

================================================================================

