
================================================================================

Section Cross References

    startup.o(vectors) refers to target.o(.text) for FIQ_Exception
    startup.o(vectors) refers to __main.o(!!!) for __main
    startup.o(vectors) refers to startup.o(MyStacks) for SvcStackSpace
    startup.o(vectors) refers to startup.o(Stacks) for StackUsr
    startup.o(vectors) refers to startup.o(Heap) for bottom_of_heap
    startup.o(vectors) refers (Special) to use_no_semi.o(.text) for __use_no_semihosting_swi
    startup.o(MyStacks) refers (Special) to use_no_semi.o(.text) for __use_no_semihosting_swi
    startup.o(Heap) refers (Special) to use_no_semi.o(.text) for __use_no_semihosting_swi
    startup.o(Stacks) refers (Special) to use_no_semi.o(.text) for __use_no_semihosting_swi
    target.o(.text) refers (Special) to use_no_semi.o(.text) for __use_no_semihosting_swi
    target.o(.text) refers (Special) to stkheap2.o(.text) for __use_two_region_memory
    main.o(.text) refers to main.o(.data) for txt
    main.o(.text) refers (Special) to __main.o(!!!) for __main
    main.o(.text) refers (Special) to _no_redirect.o(.text) for _main
    main.o(.data) refers (Special) to __main.o(!!!) for __main
    main.o(.data) refers (Special) to _no_redirect.o(.text) for _main
    __main.o(!!!) refers to kernel.o(.text) for __rt_entry
    stkheap2.o(.text) refers to libspace.o(.text) for __user_libspace
    stkheap2.o(.text) refers to startup.o(vectors) for __user_initial_stackheap
    kernel.o(.text) refers to stkheap2.o(.text) for __rt_stackheap_init
    kernel.o(.text) refers to lib_init.o(.text) for __rt_lib_init
    kernel.o(.text) refers to main.o(.text) for main
    kernel.o(.text) refers to exit.o(.text) for exit
    kernel.o(.text) refers to target.o(.text) for _sys_exit
    libspace.o(.text) refers to libspace.o(.bss) for __libspace_start
    exit.o(.text) refers to kernel.o(.text) for __rt_exit
    lib_init.o(.text) refers to fpinit.o(x$fpl$fpinit) for _fp_init
    lib_init.o(.text) refers to libspace.o(.text) for __user_libspace
    fpinit.o(x$fpl$fpinit) refers to rt_fp_status_addr.o(.text) for __rt_fp_status_addr
    rt_fp_status_addr.o(.text) refers to libspace.o(.text) for __user_libspace


================================================================================

Removing Unused input sections from the image.

    Removing irq.o(IRQ), (0 bytes).

1 unused section(s) (total 0 bytes) removed from the image.

================================================================================

Image Symbol Table

    Mapping Symbols

    Sym    Value        Execution Region

    $a     0x00000000   ROM_EXEC
    $d     0x00000014   ROM_EXEC
    $a     0x00000018   ROM_EXEC
    $d     0x00000020   ROM_EXEC
    $f     0x00000020   ROM_EXEC
    $f     0x00000024   ROM_EXEC
    $f     0x00000028   ROM_EXEC
    $f     0x0000002c   ROM_EXEC
    $f     0x00000030   ROM_EXEC
    $f     0x0000003c   ROM_EXEC
    $a     0x00000040   ROM_EXEC
    $d     0x000000ac   ROM_EXEC
    $a     0x000000c8   ROM_EXEC
    $d     0x00000160   ROM_EXEC
    $a     0x00000170   ROM_EXEC
    $d     0x00000210   ROM_EXEC
    $a     0x00000214   ROM_EXEC
    $d     0x00000340   ROM_EXEC
    $a     0x0000034c   ROM_EXEC
    $d     0x0000042c   ROM_EXEC
    $a     0x00000430   ROM_EXEC
    $d     0x00000540   ROM_EXEC
    $a     0x00000544   ROM_EXEC
    $d     0x00000568   ROM_EXEC
    $d     0x40000000   IRAM
    $d     0x4000046c   HEAP

    Local Symbols

    Symbol Name                              Value     Ov Type        Size  Object(Section)

    src\IRQ.s                                0x00000000   Number         0  irq.o ABSOLUTE
    USR32Mode                                0x00000010   Number         0  irq.o ABSOLUTE
    FIQ32Mode                                0x00000011   Number         0  irq.o ABSOLUTE
    IRQ32Mode                                0x00000012   Number         0  irq.o ABSOLUTE
    SVC32Mode                                0x00000013   Number         0  irq.o ABSOLUTE
    SYS32Mode                                0x0000001f   Number         0  irq.o ABSOLUTE
    NoInt                                    0x00000080   Number         0  irq.o ABSOLUTE
    src\Startup.s                            0x00000000   Number         0  startup.o ABSOLUTE
    MyStacks                                 0x4000006c   Data        1024  startup.o(MyStacks)
    Heap                                     0x4000046c   Data           4  startup.o(Heap)
    vectors                                  0x00000000   ARM Code     200  startup.o(vectors)
    <Anonymous Symbol>                       0x00000000   Data          16  startup.o(.debug_abbrev)
    <Anonymous Symbol>                       0x00000000   Data         116  startup.o(.debug_line)
    <Anonymous Symbol>                       0x00000000   Data          88  startup.o(.debug_info)
    Stacks                                   0x40004000   Number         0  startup.o(Stacks)
    ABT_STACK_LEGTH                          0x00000000   Number         0  startup.o ABSOLUTE
    FIQ_STACK_LEGTH                          0x00000000   Number         0  startup.o ABSOLUTE
    SVC_STACK_LEGTH                          0x00000000   Number         0  startup.o ABSOLUTE
    UND_STACK_LEGTH                          0x00000000   Number         0  startup.o ABSOLUTE
    USR32Mode                                0x00000010   Number         0  startup.o ABSOLUTE
    FIQ32Mode                                0x00000011   Number         0  startup.o ABSOLUTE
    IRQ32Mode                                0x00000012   Number         0  startup.o ABSOLUTE
    SVC32Mode                                0x00000013   Number         0  startup.o ABSOLUTE
    SYS32Mode                                0x0000001f   Number         0  startup.o ABSOLUTE
    ResetAddr                                0x00000020   Data           4  startup.o(vectors)
    UndefinedAddr                            0x00000024   Data           4  startup.o(vectors)
    SWI_Addr                                 0x00000028   Data           4  startup.o(vectors)
    PrefetchAddr                             0x0000002c   Data           4  startup.o(vectors)
    DataAbortAddr                            0x00000030   Data           4  startup.o(vectors)
    Nouse                                    0x00000034   Data           4  startup.o(vectors)
    IRQ_Addr                                 0x00000038   Data           4  startup.o(vectors)
    FIQ_Addr                                 0x0000003c   Data           4  startup.o(vectors)
    Undefined                                0x00000040   ARM Code       0  startup.o(vectors)
    SoftwareInterrupt                        0x00000044   ARM Code       0  startup.o(vectors)
    PrefetchAbort                            0x00000048   ARM Code       0  startup.o(vectors)
    DataAbort                                0x0000004c   ARM Code       0  startup.o(vectors)
    FIQ_Handler                              0x00000050   ARM Code       0  startup.o(vectors)
    InitStack                                0x00000060   ARM Code       0  startup.o(vectors)
    NoInt                                    0x00000080   Number         0  startup.o ABSOLUTE
    ResetInit                                0x00000098   ARM Code       0  startup.o(vectors)
    StackSvc                                 0x000000ac   Data           4  startup.o(vectors)
    StackIrq                                 0x000000b0   Data           4  startup.o(vectors)
    StackFiq                                 0x000000b4   Data           4  startup.o(vectors)
    StackAbt                                 0x000000b8   Data           4  startup.o(vectors)
    StackUnd                                 0x000000bc   Data           4  startup.o(vectors)
    IRQ_STACK_LEGTH                          0x00000100   Number         0  startup.o ABSOLUTE
    IrqStackSpace                            0x4000006c   Data        1024  startup.o(MyStacks)
    SvcStackSpace                            0x4000006c   Data           0  startup.o(MyStacks)
    AbtStackSpace                            0x4000046c   Data           0  startup.o(MyStacks)
    FiqStackSpace                            0x4000046c   Data           0  startup.o(MyStacks)
    UndtStackSpace                           0x4000046c   Data           0  startup.o(MyStacks)
    src\target.c                             0x00000000   Number         0  target.o ABSOLUTE
    .text                                    0x00000170   ARM Code       0  target.o(.text)
    C$debug_frame43                          0x00000000   Data           0  target.o(.debug_frame)
    C$debug_loc42                            0x00000000   Data           0  target.o(.debug_loc)
    C$debug_macinfo5                         0x00000000   Data           0  target.o(.debug_macinfo)
    C$debug_pubnames40                       0x00000000   Data           0  target.o(.debug_pubnames)
    C$debug_abbrev0                          0x00000010   Data           0  target.o(.debug_abbrev)
    C$debug_info3                            0x00000058   Data           0  target.o(.debug_info)
    C$debug_line2                            0x00000074   Data           0  target.o(.debug_line)
    C$debug_info33                           0x000000b8   Data           0  target.o(.debug_info)
    C$debug_line38                           0x0000011c   Data           0  target.o(.debug_line)
    C$debug_pubnames10                       0x00000128   Data           0  target.o(.debug_pubnames)
    C$debug_macinfo11                        0x00000184   Data           0  target.o(.debug_macinfo)
    C$debug_pubnames28                       0x0000018c   Data           0  target.o(.debug_pubnames)
    C$debug_info27                           0x00000198   Data           0  target.o(.debug_info)
    C$debug_line8                            0x000001bc   Data           0  target.o(.debug_line)
    C$debug_pubnames34                       0x000001e4   Data           0  target.o(.debug_pubnames)
    C$debug_line26                           0x00000204   Data           0  target.o(.debug_line)
    C$debug_line32                           0x00000254   Data           0  target.o(.debug_line)
    C$debug_info39                           0x0000027c   Data           0  target.o(.debug_info)
    C$debug_macinfo29                        0x00000378   Data           0  target.o(.debug_macinfo)
    C$debug_macinfo35                        0x000003c4   Data           0  target.o(.debug_macinfo)
    C$debug_info9                            0x000007a0   Data           0  target.o(.debug_info)
    src\main.c                               0x00000000   Number         0  main.o ABSOLUTE
    .data                                    0x40000000   Data           0  main.o(.data)
    .text                                    0x00000214   ARM Code       0  main.o(.text)
    C$debug_abbrev0                          0x00000010   Data           0  target.o(.debug_abbrev)
    C$debug_pubnames10                       0x00000128   Data           0  target.o(.debug_pubnames)
    C$debug_frame31                          0x0000014c   Data           0  main.o(.debug_frame)
    C$debug_macinfo11                        0x00000184   Data           0  target.o(.debug_macinfo)
    C$debug_line8                            0x000001bc   Data           0  target.o(.debug_line)
    C$debug_pubnames4                        0x00000268   Data           0  main.o(.debug_pubnames)
    C$debug_line2                            0x0000027c   Data           0  main.o(.debug_line)
    C$debug_pubnames28                       0x00000284   Data           0  main.o(.debug_pubnames)
    C$debug_loc30                            0x000002c0   Data           0  main.o(.debug_loc)
    C$debug_line26                           0x0000030c   Data           0  main.o(.debug_line)
    C$debug_macinfo5                         0x000005b0   Data           0  main.o(.debug_macinfo)
    C$debug_info9                            0x000007a0   Data           0  target.o(.debug_info)
    C$debug_info3                            0x00000894   Data           0  main.o(.debug_info)
    C$debug_info27                           0x00000904   Data           0  main.o(.debug_info)
    .data$0                                  0x40000000   Data           0  main.o(.data)
    ../../angel/startup.s                    0x00000000   Number         0  __main.o ABSOLUTE
    !!!                                      0x000000c8   ARM Code     168  __main.o(!!!)
    <Anonymous Symbol>                       0x0000021c   Data          60  __main.o(.debug_frame)
    _move_region                             0x000000e8   ARM Code       0  __main.o(!!!)
    _move_loop                               0x00000118   ARM Code       0  __main.o(!!!)
    _zero_region                             0x0000012c   ARM Code       0  __main.o(!!!)
    _zero_loop                               0x00000150   ARM Code       0  __main.o(!!!)
    _region_table                            0x00000160   Data           0  __main.o(!!!)
    ../../armsys.c                           0x00000000   Number         0  _no_redirect.o ABSOLUTE
    .text                                    0x0000034c   ARM Code       0  _no_redirect.o(.text)
    C$debug_frame18                          0x00000258   Data           0  _no_redirect.o(.debug_frame)
    ../../stkheap2.s                         0x00000000   Number         0  stkheap2.o ABSOLUTE
    <Anonymous Symbol>                       0x000002a4   Data         148  stkheap2.o(.debug_frame)
    .text                                    0x00000354   ARM Code     164  stkheap2.o(.text)
    ../../angel/sys.s                        0x00000000   Number         0  use_no_semi.o ABSOLUTE
    <Anonymous Symbol>                       0x00000338   Data          68  use_no_semi.o(.debug_frame)
    .text                                    0x000003f8   ARM Code       4  use_no_semi.o(.text)
    ../../angel/kernel.s                     0x00000000   Number         0  kernel.o ABSOLUTE
    <Anonymous Symbol>                       0x0000037c   Data          88  kernel.o(.debug_frame)
    .text                                    0x000003fc   ARM Code      40  kernel.o(.text)
    __rt_abort1                              0x00000420   ARM Code       0  kernel.o(.text)
    ../../angel/sys.s                        0x00000000   Number         0  libspace.o ABSOLUTE
    <Anonymous Symbol>                       0x000003d4   Data          68  libspace.o(.debug_frame)
    .text                                    0x00000424   ARM Code      12  libspace.o(.text)
    .bss                                     0x4000000c   Data          96  libspace.o(.bss)
    __libspace_start                         0x4000000c   Data          96  libspace.o(.bss)
    ../../stdlib.c                           0x00000000   Number         0  exit.o ABSOLUTE
    .text                                    0x00000430   ARM Code       0  exit.o(.text)
    C$debug_frame12                          0x00000418   Data           0  exit.o(.debug_frame)
    ../../armsys.c                           0x00000000   Number         0  lib_init.o ABSOLUTE
    .text                                    0x00000448   ARM Code       0  lib_init.o(.text)
    C$debug_frame18                          0x00000464   Data           0  lib_init.o(.debug_frame)
    ../../fpinit.s                           0x00000000   Number         0  fpinit.o ABSOLUTE
    x$fpl$fpinit                             0x00000554   ARM Code      20  fpinit.o(x$fpl$fpinit)
    <Anonymous Symbol>                       0x000004e0   Data          76  fpinit.o(.debug_frame)
    ../../angel/rt.s                         0x00000000   Number         0  rt_fp_status_addr.o ABSOLUTE
    <Anonymous Symbol>                       0x0000052c   Data          76  rt_fp_status_addr.o(.debug_frame)
    .text                                    0x00000544   ARM Code      16  rt_fp_status_addr.o(.text)

    Global Symbols

    Symbol Name                              Value     Ov Type        Size  Object(Section)

    BuildAttributes$$ARM_ISAv4$M$PE$A:L22$X:L11$S22$~IW$USESV6$~STKCKD$USESV7$~SHL$OSPACE 0x00000000   Number         0  anon$$obj.o ABSOLUTE
    Reset                                    0x00000000   ARM Code       0  startup.o(vectors)
    __Heap_DescSize                           - Undefined Weak Reference
    __alloca_initialize                       - Undefined Weak Reference
    __argv_alloc                              - Undefined Weak Reference
    __call_ctors()                            - Undefined Weak Reference
    __cpp_finalise                            - Undefined Weak Reference
    __cpp_initialise                          - Undefined Weak Reference
    __rt_get_argv                             - Undefined Weak Reference
    __user_heap_extend                        - Undefined Weak Reference
    __user_stack_slop                         - Undefined Weak Reference
    _atexit_init                              - Undefined Weak Reference
    _call_atexit_fns                          - Undefined Weak Reference
    _clock_init                               - Undefined Weak Reference
    _get_lc_collate                           - Undefined Weak Reference
    _get_lc_ctype                             - Undefined Weak Reference
    _get_lc_monetary                          - Undefined Weak Reference
    _get_lc_numeric                           - Undefined Weak Reference
    _get_lc_time                              - Undefined Weak Reference
    _getenv_init                              - Undefined Weak Reference
    _init_alloc                               - Undefined Weak Reference
    _init_user_alloc                          - Undefined Weak Reference
    _initio                                   - Undefined Weak Reference
    _rand_init                                - Undefined Weak Reference
    _signal_init                              - Undefined Weak Reference
    _terminate_user_alloc                     - Undefined Weak Reference
    _terminateio                              - Undefined Weak Reference
    __user_initial_stackheap                 0x000000a4   ARM Code       0  startup.o(vectors)
    __main                                   0x000000c8   ARM Code     152  __main.o(!!!)
    IRQ_Exception                            0x00000170   ARM Code       4  target.o(.text)
    FIQ_Exception                            0x00000174   ARM Code       4  target.o(.text)
    TargetInit                               0x00000178   ARM Code       4  target.o(.text)
    TargetResetInit                          0x0000017c   ARM Code      44  target.o(.text)
    __rt_div0                                0x000001a8   ARM Code       8  target.o(.text)
    fputc                                    0x000001b0   ARM Code       8  target.o(.text)
    fgetc                                    0x000001b8   ARM Code       8  target.o(.text)
    _sys_close                               0x000001c0   ARM Code       8  target.o(.text)
    _sys_write                               0x000001c8   ARM Code       8  target.o(.text)
    _sys_read                                0x000001d0   ARM Code       8  target.o(.text)
    _ttywrch                                 0x000001d8   ARM Code       4  target.o(.text)
    _sys_istty                               0x000001dc   ARM Code       8  target.o(.text)
    _sys_seek                                0x000001e4   ARM Code       8  target.o(.text)
    _sys_ensure                              0x000001ec   ARM Code       8  target.o(.text)
    _sys_flen                                0x000001f4   ARM Code       8  target.o(.text)
    _sys_tmpnam                              0x000001fc   ARM Code       8  target.o(.text)
    _sys_exit                                0x00000204   ARM Code       4  target.o(.text)
    _sys_command_string                      0x00000208   ARM Code       8  target.o(.text)
    ChkBusy                                  0x00000214   ARM Code      68  main.o(.text)
    WrOp                                     0x00000258   ARM Code      60  main.o(.text)
    WrDat                                    0x00000294   ARM Code      60  main.o(.text)
    lcd_init                                 0x000002d0   ARM Code      32  main.o(.text)
    DisText                                  0x000002f0   ARM Code      40  main.o(.text)
    main                                     0x00000318   ARM Code      40  main.o(.text)
    _main_redirection                        0x0000034c   ARM Code       4  _no_redirect.o(.text)
    _main                                    0x00000350   ARM Code       4  _no_redirect.o(.text)
    __32__use_two_region_memory              0x00000354   ARM Code       0  stkheap2.o(.text)
    __use_two_region_memory                  0x00000354   ARM Code       4  stkheap2.o(.text)
    __rt_stackheap_init                      0x00000358   ARM Code     140  stkheap2.o(.text)
    __rt_heap_extend                         0x000003e4   ARM Code      20  stkheap2.o(.text)
    __32__use_no_semihosting_swi             0x000003f8   ARM Code       0  use_no_semi.o(.text)
    __semihosting_swi_guard                  0x000003f8   ARM Code       0  use_no_semi.o(.text)
    __use_no_semihosting_swi                 0x000003f8   ARM Code       4  use_no_semi.o(.text)
    __rt_entry                               0x000003fc   ARM Code       0  kernel.o(.text)
    __32__rt_exit                            0x0000040c   ARM Code       0  kernel.o(.text)
    __rt_exit                                0x0000040c   ARM Code      16  kernel.o(.text)
    __32__rt_abort                           0x0000041c   ARM Code       0  kernel.o(.text)
    __rt_abort                               0x0000041c   ARM Code       8  kernel.o(.text)
    __user_libspace                          0x00000424   ARM Code       8  libspace.o(.text)
    exit                                     0x00000430   ARM Code      24  exit.o(.text)
    __rt_lib_init                            0x00000448   ARM Code     228  lib_init.o(.text)
    __rt_lib_shutdown                        0x0000052c   ARM Code      20  lib_init.o(.text)
    __rt_fp_status_addr                      0x00000544   ARM Code      16  rt_fp_status_addr.o(.text)
    _fp_init                                 0x00000554   ARM Code      20  fpinit.o(x$fpl$fpinit)
    __fplib_config_pureend_doubles           0x00000564   ARM Code       0  fpinit.o(x$fpl$fpinit)
    Region$$Table$$Base                      0x00000568   Data           0  anon$$obj.o(Region$$Table)
    Region$$Table$$Limit                     0x00000598   Data           0  anon$$obj.o(Region$$Table)
    ZISection$$Table$$Base                   0x00000598   Data           0  anon$$obj.o(ZISection$$Table)
    ZISection$$Table$$Limit                  0x000005a8   Data           0  anon$$obj.o(ZISection$$Table)
    txt                                      0x40000000   Data          11  main.o(.data)
    bottom_of_heap                           0x4000046c   Data           1  startup.o(Heap)
    StackUsr                                 0x40004000   Data           0  startup.o(Stacks)


================================================================================

Memory Map of the image

  Image Entry point : 0x00000000

  Load Region ROM_LOAD (Base: 0x00000000, Size: 0x000005b4, Max: 0xffffffff, ABSOLUTE)

    Execution Region ROM_EXEC (Base: 0x00000000, Size: 0x000005a8, Max: 0xffffffff, ABSOLUTE)

    Base Addr    Size         Type   Attr  Idx  E Section Name        Object

    0x00000000   0x000000c8   Code   RO     5   * vectors             startup.o
    0x000000c8   0x000000a8   Code   RO    48   * !!!                 __main.o(c_a__un.l)
    0x00000170   0x000000a4   Code   RO    12     .text               target.o
    0x00000214   0x00000138   Code   RO    37     .text               main.o
    0x0000034c   0x00000008   Code   RO    50     .text               _no_redirect.o(c_a__un.l)
    0x00000354   0x000000a4   Code   RO    52     .text               stkheap2.o(c_a__un.l)
    0x000003f8   0x00000004   Code   RO    54     .text               use_no_semi.o(c_a__un.l)
    0x000003fc   0x00000028   Code   RO    56     .text               kernel.o(c_a__un.l)
    0x00000424   0x0000000c   Code   RO    58     .text               libspace.o(c_a__un.l)
    0x00000430   0x00000018   Code   RO    61     .text               exit.o(c_a__un.l)
    0x00000448   0x000000fc   Code   RO    63     .text               lib_init.o(c_a__un.l)
    0x00000544   0x00000010   Code   RO    67     .text               rt_fp_status_addr.o(c_a__un.l)
    0x00000554   0x00000014   Code   RO    65     x$fpl$fpinit        fpinit.o(f_a_p.l)
    0x00000568   0x00000030   Data   RO    69     Region$$Table       anon$$obj.o
    0x00000598   0x00000010   Data   RO    70     ZISection$$Table    anon$$obj.o


    Execution Region IRAM (Base: 0x40000000, Size: 0x0000046c, Max: 0xffffffff, ABSOLUTE)

    Base Addr    Size         Type   Attr  Idx  E Section Name        Object

    0x40000000   0x0000000b   Data   RW    38     .data               main.o
    0x4000000b   0x00000001   PAD
    0x4000000c   0x00000060   Zero   RW    59     .bss                libspace.o(c_a__un.l)
    0x4000006c   0x00000400   Zero   RW     6     MyStacks            startup.o


    Execution Region HEAP (Base: 0x4000046c, Size: 0x00000004, Max: 0xffffffff, ABSOLUTE, UNINIT)

    Base Addr    Size         Type   Attr  Idx  E Section Name        Object

    0x4000046c   0x00000004   Zero   RW     7     Heap                startup.o


    Execution Region STACKS (Base: 0x40004000, Size: 0x00000000, Max: 0xffffffff, ABSOLUTE, UNINIT)

    Base Addr    Size         Type   Attr  Idx  E Section Name        Object

    0x40004000   0x00000000   Zero   RW     8     Stacks              startup.o



  Load Region LR$$Debug (Base: 0x00000000, Size: 0x00000000, Max: 0xffffffff, ABSOLUTE)

    Execution Region ER$$Debug (Base: 0x00000000, Size: 0x00000000, Max: 0xffffffff, ABSOLUTE)

    Base Addr    Size         Type   Attr  Idx  E Section Name        Object

    0x00000000   0x00000010   Dbug   RW    11     .debug_abbrev       startup.o
    0x00000010   0x000003ec   Dbug   RW    21     .debug_abbrev       target.o
    0x00000000   0x0000014c   Dbug   RW    20     .debug_frame        target.o
    0x0000014c   0x000000d0   Dbug   RW    47     .debug_frame        main.o
    0x0000021c   0x0000003c   Dbug   RW    49     .debug_frame        __main.o(c_a__un.l)
    0x00000258   0x0000004c   Dbug   RW    51     .debug_frame        _no_redirect.o(c_a__un.l)
    0x000002a4   0x00000094   Dbug   RW    53     .debug_frame        stkheap2.o(c_a__un.l)
    0x00000338   0x00000044   Dbug   RW    55     .debug_frame        use_no_semi.o(c_a__un.l)
    0x0000037c   0x00000058   Dbug   RW    57     .debug_frame        kernel.o(c_a__un.l)
    0x000003d4   0x00000044   Dbug   RW    60     .debug_frame        libspace.o(c_a__un.l)
    0x00000418   0x0000004c   Dbug   RW    62     .debug_frame        exit.o(c_a__un.l)
    0x00000464   0x0000007c   Dbug   RW    64     .debug_frame        lib_init.o(c_a__un.l)
    0x000004e0   0x0000004c   Dbug   RW    66     .debug_frame        fpinit.o(f_a_p.l)
    0x0000052c   0x0000004c   Dbug   RW    68     .debug_frame        rt_fp_status_addr.o(c_a__un.l)
    0x00000000   0x00000058   Dbug   RW     9     .debug_info         startup.o
    0x00000058   0x00000060   Dbug   RW    14     .debug_info         target.o
    0x000000b8   0x000000e0   Dbug   RW    34     .debug_info         target.o
    0x00000198   0x000000e4   Dbug   RW    30     .debug_info         target.o
    0x0000027c   0x00000524   Dbug   RW    17     .debug_info         target.o
    0x000007a0   0x000000f4   Dbug   RW    26     .debug_info         target.o
    0x00000894   0x00000070   Dbug   RW    40     .debug_info         main.o
    0x00000904   0x00000180   Dbug   RW    44     .debug_info         main.o
    0x00000000   0x00000074   Dbug   RW    10     .debug_line         startup.o
    0x00000074   0x000000a8   Dbug   RW    13     .debug_line         target.o
    0x0000011c   0x000000a0   Dbug   RW    16     .debug_line         target.o
    0x000001bc   0x00000048   Dbug   RW    25     .debug_line         target.o
    0x00000204   0x00000050   Dbug   RW    29     .debug_line         target.o
    0x00000254   0x00000028   Dbug   RW    33     .debug_line         target.o
    0x0000027c   0x00000090   Dbug   RW    39     .debug_line         main.o
    0x0000030c   0x000000a0   Dbug   RW    43     .debug_line         main.o
    0x00000000   0x000002c0   Dbug   RW    19     .debug_loc          target.o
    0x000002c0   0x00000124   Dbug   RW    46     .debug_loc          main.o
    0x00000000   0x00000184   Dbug   RW    15     .debug_macinfo      target.o
    0x00000184   0x000001f4   Dbug   RW    28     .debug_macinfo      target.o
    0x00000378   0x0000004c   Dbug   RW    32     .debug_macinfo      target.o
    0x000003c4   0x000001ec   Dbug   RW    36     .debug_macinfo      target.o
    0x000005b0   0x000001a0   Dbug   RW    42     .debug_macinfo      main.o
    0x00000000   0x00000128   Dbug   RW    18     .debug_pubnames     target.o
    0x00000128   0x00000064   Dbug   RW    27     .debug_pubnames     target.o
    0x0000018c   0x00000058   Dbug   RW    31     .debug_pubnames     target.o
    0x000001e4   0x00000084   Dbug   RW    35     .debug_pubnames     target.o
    0x00000268   0x0000001c   Dbug   RW    41     .debug_pubnames     main.o
    0x00000284   0x00000054   Dbug   RW    45     .debug_pubnames     main.o


================================================================================

Image component sizes


      Code    RO Data    RW Data    ZI Data      Debug   Object Name

       200          0          0       1028        220   startup.o
         0         64          0          0          0   anon$$obj.o
       312          0         11          0       1828   main.o
       164          0          0          0       6740   target.o

    ------------------------------------------------------------------------
       676         64         11       1028       8788   Object Totals

    ------------------------------------------------------------------------

      Code    RO Data    RW Data    ZI Data      Debug   Library Member Name

        40          0          0          0         88   kernel.o
       164          0          0          0        148   stkheap2.o
         8          0          0          0         76   _no_redirect.o
         4          0          0          0         68   use_no_semi.o
        12          0          0         96         68   libspace.o
       168          0          0          0         60   __main.o
        16          0          0          0         76   rt_fp_status_addr.o
        24          0          0          0         76   exit.o
       252          0          0          0        124   lib_init.o
        20          0          0          0         76   fpinit.o

    ------------------------------------------------------------------------
       708          0          0         96        860   Library Totals

    ------------------------------------------------------------------------

      Code    RO Data    RW Data    ZI Data      Debug   Library Name

        20          0          0          0         76   f_a_p.l
       688          0          0         96        784   c_a__un.l

    ------------------------------------------------------------------------
       708          0          0         96        860   Library Totals

    ------------------------------------------------------------------------

================================================================================


      Code    RO Data    RW Data    ZI Data      Debug   

      1384         64         11       1124       9648   Grand Totals

================================================================================

    Total RO  Size(Code + RO Data)                 1448 (   1.41kB)
    Total RW  Size(RW Data + ZI Data)              1135 (   1.11kB)
    Total ROM Size(Code + RO Data + RW Data)       1459 (   1.42kB)

================================================================================

