<!doctype html public "-//w3c//dtd html 4.0 transitional//en">                 <html><head>
<title>Static Call Graph - [.\Out\LCD2.axf]</title>
</head>
<body><HR>
<H1>Static Call Graph for image .\Out\LCD2.axf</H1><HR>
<BR><P><STRONG>Maximum Stack Usage =         48 bytes + Unknown
</STRONG><HR><P><STRONG><a name="[98be2c]"></a>Reset</STRONG> (ARM, 0 bytes, Stack size 0 bytes, startup.o(vectors))
<P><STRONG><a name="[98bdac]"></a>__user_initial_stackheap</STRONG> (ARM, 0 bytes, Stack size 0 bytes, startup.o(vectors))
<BR>[Called By]<UL><LI><a href="#[b8be20]">&lt&lt</a>&nbsp;&nbsp;&nbsp;__rt_stackheap_init
</UL><P><STRONG><a name="[98bff0]"></a>__main</STRONG> (ARM, 152 bytes, Stack size 0 bytes, __main.o(!!!))
<BR><BR>[Calls]<UL><LI><a href="#[b8ce04]">&gt&gt</a>&nbsp;&nbsp;&nbsp;_zero_region
<LI><a href="#[b8cf58]">&gt&gt</a>&nbsp;&nbsp;&nbsp;_move_region
<LI><a href="#[b8cee8]">&gt&gt</a>&nbsp;&nbsp;&nbsp;_move_loop
<LI><a href="#[b8ccd0]">&gt&gt</a>&nbsp;&nbsp;&nbsp;__rt_entry
<LI><a href="#[b8ce78]">&gt&gt</a>&nbsp;&nbsp;&nbsp;_zero_loop
</UL><BR>[Called By]<UL><LI><a href="#[98cc20]">&lt&lt</a>&nbsp;&nbsp;&nbsp;ResetInit
</UL><P><STRONG><a name="[989854]"></a>IRQ_Exception</STRONG> (ARM, 4 bytes, Stack size 0 bytes, target.o(.text), UNUSED)
<BR><BR>[Calls]<UL><LI><a href="#[989854]">&gt&gt</a>&nbsp;&nbsp;&nbsp;IRQ_Exception
</UL><BR>[Called By]<UL><LI><a href="#[989854]">&lt&lt</a>&nbsp;&nbsp;&nbsp;IRQ_Exception
</UL><P><STRONG><a name="[98c05c]"></a>FIQ_Exception</STRONG> (ARM, 4 bytes, Stack size 0 bytes, target.o(.text))
<BR><BR>[Calls]<UL><LI><a href="#[98c05c]">&gt&gt</a>&nbsp;&nbsp;&nbsp;FIQ_Exception
</UL><BR>[Called By]<UL><LI><a href="#[98cd00]">&lt&lt</a>&nbsp;&nbsp;&nbsp;FIQ_Handler
<LI><a href="#[98c05c]">&lt&lt</a>&nbsp;&nbsp;&nbsp;FIQ_Exception
</UL><P><STRONG><a name="[9897e4]"></a>TargetInit</STRONG> (ARM, 4 bytes, Stack size 0 bytes, target.o(.text), UNUSED)
<P><STRONG><a name="[98bf7c]"></a>TargetResetInit</STRONG> (ARM, 44 bytes, Stack size 0 bytes, target.o(.text))
<BR>[Called By]<UL><LI><a href="#[98cc20]">&lt&lt</a>&nbsp;&nbsp;&nbsp;ResetInit
</UL><P><STRONG><a name="[989774]"></a>__rt_div0</STRONG> (ARM, 8 bytes, Stack size 0 bytes, target.o(.text), UNUSED)
<P><STRONG><a name="[989708]"></a>fputc</STRONG> (ARM, 8 bytes, Stack size 0 bytes, target.o(.text), UNUSED)
<P><STRONG><a name="[98969c]"></a>fgetc</STRONG> (ARM, 8 bytes, Stack size 0 bytes, target.o(.text), UNUSED)
<P><STRONG><a name="[98962c]"></a>_sys_close</STRONG> (ARM, 8 bytes, Stack size 0 bytes, target.o(.text), UNUSED)
<P><STRONG><a name="[9895bc]"></a>_sys_write</STRONG> (ARM, 8 bytes, Stack size 0 bytes, target.o(.text), UNUSED)
<P><STRONG><a name="[98954c]"></a>_sys_read</STRONG> (ARM, 8 bytes, Stack size 0 bytes, target.o(.text), UNUSED)
<P><STRONG><a name="[9894dc]"></a>_ttywrch</STRONG> (ARM, 4 bytes, Stack size 0 bytes, target.o(.text), UNUSED)
<P><STRONG><a name="[98946c]"></a>_sys_istty</STRONG> (ARM, 8 bytes, Stack size 0 bytes, target.o(.text), UNUSED)
<P><STRONG><a name="[9893fc]"></a>_sys_seek</STRONG> (ARM, 8 bytes, Stack size 0 bytes, target.o(.text), UNUSED)
<P><STRONG><a name="[98938c]"></a>_sys_ensure</STRONG> (ARM, 8 bytes, Stack size 0 bytes, target.o(.text), UNUSED)
<P><STRONG><a name="[98931c]"></a>_sys_flen</STRONG> (ARM, 8 bytes, Stack size 0 bytes, target.o(.text), UNUSED)
<P><STRONG><a name="[9892ac]"></a>_sys_tmpnam</STRONG> (ARM, 8 bytes, Stack size 0 bytes, target.o(.text), UNUSED)
<P><STRONG><a name="[98923c]"></a>_sys_exit</STRONG> (ARM, 4 bytes, Stack size 0 bytes, target.o(.text))
<BR>[Called By]<UL><LI><a href="#[b8b438]">&lt&lt</a>&nbsp;&nbsp;&nbsp;__rt_abort1
</UL><P><STRONG><a name="[9891c4]"></a>_sys_command_string</STRONG> (ARM, 8 bytes, Stack size 0 bytes, target.o(.text), UNUSED)
<P><STRONG><a name="[981fdc]"></a>ChkBusy</STRONG> (ARM, 68 bytes, Stack size 0 bytes, main.o(.text))
<BR>[Called By]<UL><LI><a href="#[981f70]">&lt&lt</a>&nbsp;&nbsp;&nbsp;WrOp
<LI><a href="#[981f04]">&lt&lt</a>&nbsp;&nbsp;&nbsp;WrDat
</UL><P><STRONG><a name="[981f70]"></a>WrOp</STRONG> (ARM, 60 bytes, Stack size 8 bytes, main.o(.text))
<BR><BR>[Calls]<UL><LI><a href="#[981fdc]">&gt&gt</a>&nbsp;&nbsp;&nbsp;ChkBusy
</UL><BR>[Called By]<UL><LI><a href="#[981e94]">&lt&lt</a>&nbsp;&nbsp;&nbsp;lcd_init
<LI><a href="#[981e28]">&lt&lt</a>&nbsp;&nbsp;&nbsp;DisText
</UL><P><STRONG><a name="[981f04]"></a>WrDat</STRONG> (ARM, 60 bytes, Stack size 8 bytes, main.o(.text))
<BR><BR>[Calls]<UL><LI><a href="#[981fdc]">&gt&gt</a>&nbsp;&nbsp;&nbsp;ChkBusy
</UL><BR>[Called By]<UL><LI><a href="#[981e28]">&lt&lt</a>&nbsp;&nbsp;&nbsp;DisText
</UL><P><STRONG><a name="[981e94]"></a>lcd_init</STRONG> (ARM, 32 bytes, Stack size 4 bytes, main.o(.text))
<BR><BR>[Calls]<UL><LI><a href="#[981f70]">&gt&gt</a>&nbsp;&nbsp;&nbsp;WrOp
</UL><BR>[Called By]<UL><LI><a href="#[981dbc]">&lt&lt</a>&nbsp;&nbsp;&nbsp;main
</UL><P><STRONG><a name="[981e28]"></a>DisText</STRONG> (ARM, 40 bytes, Stack size 8 bytes, main.o(.text))
<BR><BR>[Calls]<UL><LI><a href="#[981f70]">&gt&gt</a>&nbsp;&nbsp;&nbsp;WrOp
<LI><a href="#[981f04]">&gt&gt</a>&nbsp;&nbsp;&nbsp;WrDat
</UL><BR>[Called By]<UL><LI><a href="#[981dbc]">&lt&lt</a>&nbsp;&nbsp;&nbsp;main
</UL><P><STRONG><a name="[981dbc]"></a>main</STRONG> (ARM, 40 bytes, Stack size 4 bytes, main.o(.text))
<BR><BR>[Calls]<UL><LI><a href="#[981e94]">&gt&gt</a>&nbsp;&nbsp;&nbsp;lcd_init
<LI><a href="#[981e28]">&gt&gt</a>&nbsp;&nbsp;&nbsp;DisText
</UL><BR>[Called By]<UL><LI><a href="#[b8ccd0]">&lt&lt</a>&nbsp;&nbsp;&nbsp;__rt_entry
</UL><P><STRONG><a name="[b8c4bc]"></a>_main_redirection</STRONG> (ARM, 4 bytes, Stack size 0 bytes, _no_redirect.o(.text), UNUSED)
<P><STRONG><a name="[981d50]"></a>_main</STRONG> (ARM, 4 bytes, Stack size 0 bytes, _no_redirect.o(.text), UNUSED)
<P><STRONG><a name="[b8be98]"></a>__32__use_two_region_memory</STRONG> (ARM, 0 bytes, Stack size 0 bytes, stkheap2.o(.text), UNUSED)
<P><STRONG><a name="[9898c8]"></a>__use_two_region_memory</STRONG> (ARM, 4 bytes, Stack size 0 bytes, stkheap2.o(.text), UNUSED)
<P><STRONG><a name="[b8be20]"></a>__rt_stackheap_init</STRONG> (ARM, 140 bytes, Stack size 24 bytes, stkheap2.o(.text))
<BR><BR>[Calls]<UL><LI><a href="#[b8bf18]">&gt&gt</a>&nbsp;&nbsp;&nbsp;__user_libspace
<LI><a href="#[98bdac]">&gt&gt</a>&nbsp;&nbsp;&nbsp;__user_initial_stackheap
<LI><a href="#[b8bf8c]">&gt&gt</a>&nbsp;&nbsp;&nbsp;__user_stack_slop (Weak Reference)
</UL><BR>[Called By]<UL><LI><a href="#[b8ccd0]">&lt&lt</a>&nbsp;&nbsp;&nbsp;__rt_entry
</UL><P><STRONG><a name="[b8bda8]"></a>__rt_heap_extend</STRONG> (ARM, 20 bytes, Stack size 8 bytes, stkheap2.o(.text), UNUSED)
<BR><BR>[Calls]<UL><LI><a href="#[b8c004]">&gt&gt</a>&nbsp;&nbsp;&nbsp;__user_heap_extend (Weak Reference)
</UL><P><STRONG><a name="[b8b790]"></a>__32__use_no_semihosting_swi</STRONG> (ARM, 0 bytes, Stack size 0 bytes, use_no_semi.o(.text), UNUSED)
<P><STRONG><a name="[b8b814]"></a>__semihosting_swi_guard</STRONG> (ARM, 0 bytes, Stack size 0 bytes, use_no_semi.o(.text), UNUSED)
<P><STRONG><a name="[98c0d0]"></a>__use_no_semihosting_swi</STRONG> (ARM, 4 bytes, Stack size 0 bytes, use_no_semi.o(.text), UNUSED)
<P><STRONG><a name="[b8ccd0]"></a>__rt_entry</STRONG> (ARM, 0 bytes, Stack size 0 bytes, kernel.o(.text))
<BR><BR>[Calls]<UL><LI><a href="#[b8be20]">&gt&gt</a>&nbsp;&nbsp;&nbsp;__rt_stackheap_init
<LI><a href="#[b8b3c4]">&gt&gt</a>&nbsp;&nbsp;&nbsp;__rt_lib_init
<LI><a href="#[981dbc]">&gt&gt</a>&nbsp;&nbsp;&nbsp;main
<LI><a href="#[b8b358]">&gt&gt</a>&nbsp;&nbsp;&nbsp;exit
</UL><BR>[Called By]<UL><LI><a href="#[98bff0]">&lt&lt</a>&nbsp;&nbsp;&nbsp;__main
</UL><P><STRONG><a name="[b8b1fc]"></a>__32__rt_exit</STRONG> (ARM, 0 bytes, Stack size 8 bytes, kernel.o(.text))
<BR><BR>[Calls]<UL><LI><a href="#[b8b2e0]">&gt&gt</a>&nbsp;&nbsp;&nbsp;__rt_lib_shutdown
<LI><a href="#[b8b438]">&gt&gt</a>&nbsp;&nbsp;&nbsp;__rt_abort1
</UL><BR>[Called By]<UL><LI><a href="#[b8b358]">&lt&lt</a>&nbsp;&nbsp;&nbsp;exit
</UL><P><STRONG><a name="[b8b270]"></a>__rt_exit</STRONG> (ARM, 16 bytes, Stack size 8 bytes, kernel.o(.text), UNUSED)
<P><STRONG><a name="[b8b118]"></a>__32__rt_abort</STRONG> (ARM, 0 bytes, Stack size 0 bytes, kernel.o(.text), UNUSED)
<P><STRONG><a name="[b8b18c]"></a>__rt_abort</STRONG> (ARM, 8 bytes, Stack size 0 bytes, kernel.o(.text), UNUSED)
<P><STRONG><a name="[b8bf18]"></a>__user_libspace</STRONG> (ARM, 8 bytes, Stack size 0 bytes, libspace.o(.text))
<BR>[Called By]<UL><LI><a href="#[b8be20]">&lt&lt</a>&nbsp;&nbsp;&nbsp;__rt_stackheap_init
<LI><a href="#[b8b3c4]">&lt&lt</a>&nbsp;&nbsp;&nbsp;__rt_lib_init
<LI><a href="#[b885d8]">&lt&lt</a>&nbsp;&nbsp;&nbsp;__rt_fp_status_addr
</UL><P><STRONG><a name="[b8b358]"></a>exit</STRONG> (ARM, 24 bytes, Stack size 8 bytes, exit.o(.text))
<BR><BR>[Calls]<UL><LI><a href="#[b8a780]">&gt&gt</a>&nbsp;&nbsp;&nbsp;_call_atexit_fns (Weak Reference)
<LI><a href="#[b8b1fc]">&gt&gt</a>&nbsp;&nbsp;&nbsp;__32__rt_exit
</UL><BR>[Called By]<UL><LI><a href="#[b8ccd0]">&lt&lt</a>&nbsp;&nbsp;&nbsp;__rt_entry
</UL><P><STRONG><a name="[b8b3c4]"></a>__rt_lib_init</STRONG> (ARM, 228 bytes, Stack size 32 bytes, lib_init.o(.text))
<BR><BR>[Calls]<UL><LI><a href="#[b8a2f8]">&gt&gt</a>&nbsp;&nbsp;&nbsp;_fp_init
<LI><a href="#[b8a284]">&gt&gt</a>&nbsp;&nbsp;&nbsp;__Heap_DescSize (Weak Reference)
<LI><a href="#[b8a19c]">&gt&gt</a>&nbsp;&nbsp;&nbsp;__rt_get_argv (Weak Reference)
<LI><a href="#[b8a12c]">&gt&gt</a>&nbsp;&nbsp;&nbsp;_init_alloc (Weak Reference)
<LI><a href="#[b8a0b4]">&gt&gt</a>&nbsp;&nbsp;&nbsp;_init_user_alloc (Weak Reference)
<LI><a href="#[b8a044]">&gt&gt</a>&nbsp;&nbsp;&nbsp;_rand_init (Weak Reference)
<LI><a href="#[b89fd0]">&gt&gt</a>&nbsp;&nbsp;&nbsp;_get_lc_collate (Weak Reference)
<LI><a href="#[b8bf18]">&gt&gt</a>&nbsp;&nbsp;&nbsp;__user_libspace
<LI><a href="#[b89f5c]">&gt&gt</a>&nbsp;&nbsp;&nbsp;_get_lc_ctype (Weak Reference)
<LI><a href="#[b89ee4]">&gt&gt</a>&nbsp;&nbsp;&nbsp;_get_lc_monetary (Weak Reference)
<LI><a href="#[b89e70]">&gt&gt</a>&nbsp;&nbsp;&nbsp;_get_lc_numeric (Weak Reference)
<LI><a href="#[b89dfc]">&gt&gt</a>&nbsp;&nbsp;&nbsp;_get_lc_time (Weak Reference)
<LI><a href="#[b89d88]">&gt&gt</a>&nbsp;&nbsp;&nbsp;_atexit_init (Weak Reference)
<LI><a href="#[b89d14]">&gt&gt</a>&nbsp;&nbsp;&nbsp;_signal_init (Weak Reference)
<LI><a href="#[b89ca4]">&gt&gt</a>&nbsp;&nbsp;&nbsp;_clock_init (Weak Reference)
<LI><a href="#[b89c30]">&gt&gt</a>&nbsp;&nbsp;&nbsp;_getenv_init (Weak Reference)
<LI><a href="#[b89bc4]">&gt&gt</a>&nbsp;&nbsp;&nbsp;_initio (Weak Reference)
<LI><a href="#[b89b4c]">&gt&gt</a>&nbsp;&nbsp;&nbsp;__cpp_initialise (Weak Reference)
<LI><a href="#[b89ad4]">&gt&gt</a>&nbsp;&nbsp;&nbsp;__call_ctors() (Weak Reference)
<LI><a href="#[b89a5c]">&gt&gt</a>&nbsp;&nbsp;&nbsp;__alloca_initialize (Weak Reference)
</UL><BR>[Called By]<UL><LI><a href="#[b8ccd0]">&lt&lt</a>&nbsp;&nbsp;&nbsp;__rt_entry
</UL><P><STRONG><a name="[b8b2e0]"></a>__rt_lib_shutdown</STRONG> (ARM, 20 bytes, Stack size 8 bytes, lib_init.o(.text))
<BR><BR>[Calls]<UL><LI><a href="#[b899e8]">&gt&gt</a>&nbsp;&nbsp;&nbsp;__cpp_finalise (Weak Reference)
<LI><a href="#[b89974]">&gt&gt</a>&nbsp;&nbsp;&nbsp;_terminateio (Weak Reference)
<LI><a href="#[b898f8]">&gt&gt</a>&nbsp;&nbsp;&nbsp;_terminate_user_alloc (Weak Reference)
</UL><BR>[Called By]<UL><LI><a href="#[b8b1fc]">&lt&lt</a>&nbsp;&nbsp;&nbsp;__32__rt_exit
</UL><P><STRONG><a name="[b885d8]"></a>__rt_fp_status_addr</STRONG> (ARM, 16 bytes, Stack size 8 bytes, rt_fp_status_addr.o(.text))
<BR><BR>[Calls]<UL><LI><a href="#[b8bf18]">&gt&gt</a>&nbsp;&nbsp;&nbsp;__user_libspace
</UL><BR>[Called By]<UL><LI><a href="#[b8a2f8]">&lt&lt</a>&nbsp;&nbsp;&nbsp;_fp_init
</UL><P><STRONG><a name="[b8a2f8]"></a>_fp_init</STRONG> (ARM, 20 bytes, Stack size 8 bytes, fpinit.o(x$fpl$fpinit))
<BR><BR>[Calls]<UL><LI><a href="#[b885d8]">&gt&gt</a>&nbsp;&nbsp;&nbsp;__rt_fp_status_addr
</UL><BR>[Called By]<UL><LI><a href="#[b8b3c4]">&lt&lt</a>&nbsp;&nbsp;&nbsp;__rt_lib_init
</UL><P><STRONG><a name="[b88554]"></a>__fplib_config_pureend_doubles</STRONG> (ARM, 0 bytes, Stack size 0 bytes, fpinit.o(x$fpl$fpinit), UNUSED)
<P><STRONG><a name="[98cecc]"></a>Undefined</STRONG> (ARM, 0 bytes, Stack size 0 bytes, startup.o(vectors))
<BR><BR>[Calls]<UL><LI><a href="#[98cecc]">&gt&gt</a>&nbsp;&nbsp;&nbsp;Undefined
</UL><BR>[Called By]<UL><LI><a href="#[98cecc]">&lt&lt</a>&nbsp;&nbsp;&nbsp;Undefined
</UL><BR>[Address Reference Count : 1]<UL><LI> startup.o(vectors)
</UL><P><STRONG><a name="[98ce54]"></a>SoftwareInterrupt</STRONG> (ARM, 0 bytes, Stack size 0 bytes, startup.o(vectors))
<BR><BR>[Calls]<UL><LI><a href="#[98ce54]">&gt&gt</a>&nbsp;&nbsp;&nbsp;SoftwareInterrupt
</UL><BR>[Called By]<UL><LI><a href="#[98ce54]">&lt&lt</a>&nbsp;&nbsp;&nbsp;SoftwareInterrupt
</UL><BR>[Address Reference Count : 1]<UL><LI> startup.o(vectors)
</UL><P><STRONG><a name="[98cde0]"></a>PrefetchAbort</STRONG> (ARM, 0 bytes, Stack size 0 bytes, startup.o(vectors))
<BR><BR>[Calls]<UL><LI><a href="#[98cde0]">&gt&gt</a>&nbsp;&nbsp;&nbsp;PrefetchAbort
</UL><BR>[Called By]<UL><LI><a href="#[98cde0]">&lt&lt</a>&nbsp;&nbsp;&nbsp;PrefetchAbort
</UL><BR>[Address Reference Count : 1]<UL><LI> startup.o(vectors)
</UL><P><STRONG><a name="[98cd70]"></a>DataAbort</STRONG> (ARM, 0 bytes, Stack size 0 bytes, startup.o(vectors))
<BR><BR>[Calls]<UL><LI><a href="#[98cd70]">&gt&gt</a>&nbsp;&nbsp;&nbsp;DataAbort
</UL><BR>[Called By]<UL><LI><a href="#[98cd70]">&lt&lt</a>&nbsp;&nbsp;&nbsp;DataAbort
</UL><BR>[Address Reference Count : 1]<UL><LI> startup.o(vectors)
</UL><P><STRONG><a name="[98cd00]"></a>FIQ_Handler</STRONG> (ARM, 0 bytes, Stack size 0 bytes, startup.o(vectors))
<BR><BR>[Calls]<UL><LI><a href="#[98c05c]">&gt&gt</a>&nbsp;&nbsp;&nbsp;FIQ_Exception
</UL><BR>[Address Reference Count : 1]<UL><LI> startup.o(vectors)
</UL><P><STRONG><a name="[98cc90]"></a>InitStack</STRONG> (ARM, 0 bytes, Stack size 0 bytes, startup.o(vectors))
<BR>[Called By]<UL><LI><a href="#[98cc20]">&lt&lt</a>&nbsp;&nbsp;&nbsp;ResetInit
</UL><P><STRONG><a name="[98cc20]"></a>ResetInit</STRONG> (ARM, 0 bytes, Stack size 0 bytes, startup.o(vectors))
<BR><BR>[Calls]<UL><LI><a href="#[98cc90]">&gt&gt</a>&nbsp;&nbsp;&nbsp;InitStack
<LI><a href="#[98bf7c]">&gt&gt</a>&nbsp;&nbsp;&nbsp;TargetResetInit
<LI><a href="#[98bff0]">&gt&gt</a>&nbsp;&nbsp;&nbsp;__main
</UL><BR>[Address Reference Count : 1]<UL><LI> startup.o(vectors)
</UL><P><STRONG><a name="[b8cf58]"></a>_move_region</STRONG> (ARM, 0 bytes, Stack size 0 bytes, __main.o(!!!))
<BR>[Called By]<UL><LI><a href="#[98bff0]">&lt&lt</a>&nbsp;&nbsp;&nbsp;__main
</UL><P><STRONG><a name="[b8cee8]"></a>_move_loop</STRONG> (ARM, 0 bytes, Stack size 0 bytes, __main.o(!!!))
<BR>[Called By]<UL><LI><a href="#[98bff0]">&lt&lt</a>&nbsp;&nbsp;&nbsp;__main
</UL><P><STRONG><a name="[b8ce04]"></a>_zero_region</STRONG> (ARM, 0 bytes, Stack size 0 bytes, __main.o(!!!))
<BR>[Called By]<UL><LI><a href="#[98bff0]">&lt&lt</a>&nbsp;&nbsp;&nbsp;__main
</UL><P><STRONG><a name="[b8ce78]"></a>_zero_loop</STRONG> (ARM, 0 bytes, Stack size 0 bytes, __main.o(!!!))
<BR>[Called By]<UL><LI><a href="#[98bff0]">&lt&lt</a>&nbsp;&nbsp;&nbsp;__main
</UL><P><STRONG><a name="[b8b438]"></a>__rt_abort1</STRONG> (ARM, 0 bytes, Stack size 0 bytes, kernel.o(.text))
<BR><BR>[Calls]<UL><LI><a href="#[98923c]">&gt&gt</a>&nbsp;&nbsp;&nbsp;_sys_exit
</UL><BR>[Called By]<UL><LI><a href="#[b8b1fc]">&lt&lt</a>&nbsp;&nbsp;&nbsp;__32__rt_exit
</UL><P><STRONG><a name="[b8a284]"></a>__Heap_DescSize</STRONG> (Thumb, 0 bytes, Stack size 0 bytes, UNDEFINED)
<BR>[Called By]<UL><LI><a href="#[b8b3c4]">&lt&lt</a>&nbsp;&nbsp;&nbsp;__rt_lib_init (Weak Reference)
</UL><P><STRONG><a name="[b89a5c]"></a>__alloca_initialize</STRONG> (Thumb, 0 bytes, Stack size 0 bytes, UNDEFINED)
<BR>[Called By]<UL><LI><a href="#[b8b3c4]">&lt&lt</a>&nbsp;&nbsp;&nbsp;__rt_lib_init (Weak Reference)
</UL><P><STRONG><a name="[b89ad4]"></a>__call_ctors()</STRONG> (Thumb, 0 bytes, Stack size 0 bytes, UNDEFINED)
<BR>[Called By]<UL><LI><a href="#[b8b3c4]">&lt&lt</a>&nbsp;&nbsp;&nbsp;__rt_lib_init (Weak Reference)
</UL><P><STRONG><a name="[b899e8]"></a>__cpp_finalise</STRONG> (Thumb, 0 bytes, Stack size 0 bytes, UNDEFINED)
<BR>[Called By]<UL><LI><a href="#[b8b2e0]">&lt&lt</a>&nbsp;&nbsp;&nbsp;__rt_lib_shutdown (Weak Reference)
</UL><P><STRONG><a name="[b89b4c]"></a>__cpp_initialise</STRONG> (Thumb, 0 bytes, Stack size 0 bytes, UNDEFINED)
<BR>[Called By]<UL><LI><a href="#[b8b3c4]">&lt&lt</a>&nbsp;&nbsp;&nbsp;__rt_lib_init (Weak Reference)
</UL><P><STRONG><a name="[b8a19c]"></a>__rt_get_argv</STRONG> (Thumb, 0 bytes, Stack size 0 bytes, UNDEFINED)
<BR>[Called By]<UL><LI><a href="#[b8b3c4]">&lt&lt</a>&nbsp;&nbsp;&nbsp;__rt_lib_init (Weak Reference)
</UL><P><STRONG><a name="[b8c004]"></a>__user_heap_extend</STRONG> (Thumb, 0 bytes, Stack size 0 bytes, UNDEFINED, UNUSED)
<BR>[Called By]<UL><LI><a href="#[b8bda8]">&lt&lt</a>&nbsp;&nbsp;&nbsp;__rt_heap_extend (Weak Reference)
</UL><P><STRONG><a name="[b8bf8c]"></a>__user_stack_slop</STRONG> (Thumb, 0 bytes, Stack size 0 bytes, UNDEFINED)
<BR>[Called By]<UL><LI><a href="#[b8be20]">&lt&lt</a>&nbsp;&nbsp;&nbsp;__rt_stackheap_init (Weak Reference)
</UL><P><STRONG><a name="[b89d88]"></a>_atexit_init</STRONG> (Thumb, 0 bytes, Stack size 0 bytes, UNDEFINED)
<BR>[Called By]<UL><LI><a href="#[b8b3c4]">&lt&lt</a>&nbsp;&nbsp;&nbsp;__rt_lib_init (Weak Reference)
</UL><P><STRONG><a name="[b8a780]"></a>_call_atexit_fns</STRONG> (Thumb, 0 bytes, Stack size 0 bytes, UNDEFINED)
<BR>[Called By]<UL><LI><a href="#[b8b358]">&lt&lt</a>&nbsp;&nbsp;&nbsp;exit (Weak Reference)
</UL><P><STRONG><a name="[b89ca4]"></a>_clock_init</STRONG> (Thumb, 0 bytes, Stack size 0 bytes, UNDEFINED)
<BR>[Called By]<UL><LI><a href="#[b8b3c4]">&lt&lt</a>&nbsp;&nbsp;&nbsp;__rt_lib_init (Weak Reference)
</UL><P><STRONG><a name="[b89fd0]"></a>_get_lc_collate</STRONG> (Thumb, 0 bytes, Stack size 0 bytes, UNDEFINED)
<BR>[Called By]<UL><LI><a href="#[b8b3c4]">&lt&lt</a>&nbsp;&nbsp;&nbsp;__rt_lib_init (Weak Reference)
</UL><P><STRONG><a name="[b89f5c]"></a>_get_lc_ctype</STRONG> (Thumb, 0 bytes, Stack size 0 bytes, UNDEFINED)
<BR>[Called By]<UL><LI><a href="#[b8b3c4]">&lt&lt</a>&nbsp;&nbsp;&nbsp;__rt_lib_init (Weak Reference)
</UL><P><STRONG><a name="[b89ee4]"></a>_get_lc_monetary</STRONG> (Thumb, 0 bytes, Stack size 0 bytes, UNDEFINED)
<BR>[Called By]<UL><LI><a href="#[b8b3c4]">&lt&lt</a>&nbsp;&nbsp;&nbsp;__rt_lib_init (Weak Reference)
</UL><P><STRONG><a name="[b89e70]"></a>_get_lc_numeric</STRONG> (Thumb, 0 bytes, Stack size 0 bytes, UNDEFINED)
<BR>[Called By]<UL><LI><a href="#[b8b3c4]">&lt&lt</a>&nbsp;&nbsp;&nbsp;__rt_lib_init (Weak Reference)
</UL><P><STRONG><a name="[b89dfc]"></a>_get_lc_time</STRONG> (Thumb, 0 bytes, Stack size 0 bytes, UNDEFINED)
<BR>[Called By]<UL><LI><a href="#[b8b3c4]">&lt&lt</a>&nbsp;&nbsp;&nbsp;__rt_lib_init (Weak Reference)
</UL><P><STRONG><a name="[b89c30]"></a>_getenv_init</STRONG> (Thumb, 0 bytes, Stack size 0 bytes, UNDEFINED)
<BR>[Called By]<UL><LI><a href="#[b8b3c4]">&lt&lt</a>&nbsp;&nbsp;&nbsp;__rt_lib_init (Weak Reference)
</UL><P><STRONG><a name="[b8a12c]"></a>_init_alloc</STRONG> (Thumb, 0 bytes, Stack size 0 bytes, UNDEFINED)
<BR>[Called By]<UL><LI><a href="#[b8b3c4]">&lt&lt</a>&nbsp;&nbsp;&nbsp;__rt_lib_init (Weak Reference)
</UL><P><STRONG><a name="[b8a0b4]"></a>_init_user_alloc</STRONG> (Thumb, 0 bytes, Stack size 0 bytes, UNDEFINED)
<BR>[Called By]<UL><LI><a href="#[b8b3c4]">&lt&lt</a>&nbsp;&nbsp;&nbsp;__rt_lib_init (Weak Reference)
</UL><P><STRONG><a name="[b89bc4]"></a>_initio</STRONG> (Thumb, 0 bytes, Stack size 0 bytes, UNDEFINED)
<BR>[Called By]<UL><LI><a href="#[b8b3c4]">&lt&lt</a>&nbsp;&nbsp;&nbsp;__rt_lib_init (Weak Reference)
</UL><P><STRONG><a name="[b8a044]"></a>_rand_init</STRONG> (Thumb, 0 bytes, Stack size 0 bytes, UNDEFINED)
<BR>[Called By]<UL><LI><a href="#[b8b3c4]">&lt&lt</a>&nbsp;&nbsp;&nbsp;__rt_lib_init (Weak Reference)
</UL><P><STRONG><a name="[b89d14]"></a>_signal_init</STRONG> (Thumb, 0 bytes, Stack size 0 bytes, UNDEFINED)
<BR>[Called By]<UL><LI><a href="#[b8b3c4]">&lt&lt</a>&nbsp;&nbsp;&nbsp;__rt_lib_init (Weak Reference)
</UL><P><STRONG><a name="[b898f8]"></a>_terminate_user_alloc</STRONG> (Thumb, 0 bytes, Stack size 0 bytes, UNDEFINED)
<BR>[Called By]<UL><LI><a href="#[b8b2e0]">&lt&lt</a>&nbsp;&nbsp;&nbsp;__rt_lib_shutdown (Weak Reference)
</UL><P><STRONG><a name="[b89974]"></a>_terminateio</STRONG> (Thumb, 0 bytes, Stack size 0 bytes, UNDEFINED)
<BR>[Called By]<UL><LI><a href="#[b8b2e0]">&lt&lt</a>&nbsp;&nbsp;&nbsp;__rt_lib_shutdown (Weak Reference)
</UL><HR></body></html>