C51 COMPILER V7.50   7                                                                     04/16/2006 13:22:27 PAGE 1   


C51 COMPILER V7.50, COMPILATION OF MODULE 7
OBJECT MODULE PLACED IN 7.OBJ
COMPILER INVOKED BY: C:\Keil\C51\BIN\C51.EXE 7.c BROWSE DEBUG OBJECTEXTEND

line level    source

   1          #include <reg51.H>
   2          unsigned char code table[]={0x3f,0x06,0x5b,0x4f,0x66,
   3                                      0x6d,0x7d,0x07,0x7f,0x6f};
   4          unsigned char dispcount;
   5          
   6          void delay02s(void)
   7          {
   8   1        unsigned char i,j,k;
   9   1        for(i=20;i>0;i--)
  10   1        for(j=20;j>0;j--)
  11   1        for(k=248;k>0;k--);
  12   1      }
  13          
  14          void main(void)
  15          {
  16   1        while(1)
  17   1          {
  18   2            for(dispcount=0;dispcount<10;dispcount++)
  19   2              {
  20   3                P0=table[dispcount];
  21   3                delay02s();
  22   3              }
  23   2          }
  24   1      }


MODULE INFORMATION:   STATIC OVERLAYABLE
   CODE SIZE        =     38    ----
   CONSTANT SIZE    =     10    ----
   XDATA SIZE       =   ----    ----
   PDATA SIZE       =   ----    ----
   DATA SIZE        =      1    ----
   IDATA SIZE       =   ----    ----
   BIT SIZE         =   ----    ----
END OF MODULE INFORMATION.


C51 COMPILATION COMPLETE.  0 WARNING(S),  0 ERROR(S)
