BL51 BANKED LINKER/LOCATER V6.05                                                        04/17/2007  16:43:26  PAGE 1


BL51 BANKED LINKER/LOCATER V6.05, INVOKED BY:
E:\PROGRAM FILES\KEIL\C51\BIN\BL51.EXE STARTUP.obj, Text3.obj TO test RAMSIZE (256)


INPUT MODULES INCLUDED:
  STARTUP.obj (?C_STARTUP)
  Text3.obj (TEXT3)


LINK MAP OF MODULE:  test (?C_STARTUP)


            TYPE    BASE      LENGTH    RELOCATION   SEGMENT NAME
            -----------------------------------------------------

            * * * * * * *   D A T A   M E M O R Y   * * * * * * *
            REG     0000H     0008H     ABSOLUTE     "REG BANK 0"
            IDATA   0008H     0001H     UNIT         ?STACK

            * * * * * * *   C O D E   M E M O R Y   * * * * * * *
            CODE    0000H     0003H     ABSOLUTE     
* OVERLAP * CODE    0000H     006DH     ABSOLUTE     
            CODE    006DH     000CH     UNIT         ?C_C51STARTUP



UNRESOLVED EXTERNAL SYMBOLS:
   ?C_START



SYMBOL TABLE OF MODULE:  test (?C_STARTUP)

  VALUE           TYPE          NAME
  ----------------------------------

  -------         MODULE        ?C_STARTUP
  C:006DH         SEGMENT       ?C_C51STARTUP
  I:0008H         SEGMENT       ?STACK
  C:0000H         PUBLIC        ?C_STARTUP
  D:00E0H         SYMBOL        ACC
  D:00F0H         SYMBOL        B
  D:0083H         SYMBOL        DPH
  D:0082H         SYMBOL        DPL
  N:0000H         SYMBOL        IBPSTACK
  N:0100H         SYMBOL        IBPSTACKTOP
  N:0080H         SYMBOL        IDATALEN
  C:0070H         SYMBOL        IDATALOOP
  N:0000H         SYMBOL        PBPSTACK
  N:0100H         SYMBOL        PBPSTACKTOP
  N:0000H         SYMBOL        PDATALEN
  N:0000H         SYMBOL        PDATASTART
  N:0000H         SYMBOL        PPAGE
  N:0000H         SYMBOL        PPAGEENABLE
  D:00A0H         SYMBOL        PPAGE_SFR
  D:0081H         SYMBOL        SP
  C:006DH         SYMBOL        STARTUP1
  N:0000H         SYMBOL        XBPSTACK
BL51 BANKED LINKER/LOCATER V6.05                                                      04/17/2007  16:43:26  PAGE 2


  N:0000H         SYMBOL        XBPSTACKTOP
  N:0000H         SYMBOL        XDATALEN
  N:0000H         SYMBOL        XDATASTART
  C:0000H         LINE#         126
  C:006DH         LINE#         133
  C:006FH         LINE#         134
  C:0070H         LINE#         135
  C:0071H         LINE#         136
  C:0073H         LINE#         185
  C:0076H         LINE#         196
  -------         ENDMOD        ?C_STARTUP

  -------         MODULE        TEXT3
  C:0064H         SYMBOL        DELAY
  C:0053H         SYMBOL        DISPLAY
  C:0054H         SYMBOL        GO
  C:0000H         SYMBOL        MAIN
  D:0090H         SYMBOL        P1
  D:00A0H         SYMBOL        P2
  C:0066H         SYMBOL        TEMP1
  C:0000H         LINE#         3
  C:0002H         LINE#         4
  C:0004H         LINE#         5
  C:0006H         LINE#         6
  C:0009H         LINE#         8
  C:000BH         LINE#         9
  C:000DH         LINE#         10
  C:000FH         LINE#         11
  C:0012H         LINE#         13
  C:0014H         LINE#         14
  C:0016H         LINE#         15
  C:0018H         LINE#         16
  C:001BH         LINE#         18
  C:001DH         LINE#         19
  C:001FH         LINE#         20
  C:0021H         LINE#         21
  C:0024H         LINE#         23
  C:0026H         LINE#         24
  C:0028H         LINE#         25
  C:002AH         LINE#         26
  C:002DH         LINE#         28
  C:002FH         LINE#         29
  C:0031H         LINE#         30
  C:0033H         LINE#         31
  C:0036H         LINE#         33
  C:0038H         LINE#         34
  C:003AH         LINE#         35
  C:003CH         LINE#         36
  C:003FH         LINE#         38
  C:0041H         LINE#         39
  C:0043H         LINE#         40
  C:0045H         LINE#         41
  C:0048H         LINE#         43
  C:004AH         LINE#         44
  C:004CH         LINE#         45
  C:004EH         LINE#         46
  C:0051H         LINE#         48
BL51 BANKED LINKER/LOCATER V6.05                                                      04/17/2007  16:43:26  PAGE 3


  C:0053H         LINE#         50
  C:0054H         LINE#         51
  C:0055H         LINE#         52
  C:0056H         LINE#         53
  C:0057H         LINE#         54
  C:0058H         LINE#         55
  C:0059H         LINE#         56
  C:005AH         LINE#         57
  C:005CH         LINE#         58
  C:005EH         LINE#         59
  C:0061H         LINE#         60
  C:0063H         LINE#         61
  C:0064H         LINE#         62
  C:0066H         LINE#         63
  C:0068H         LINE#         64
  C:006AH         LINE#         65
  C:006CH         LINE#         66
  -------         ENDMOD        TEXT3

*** WARNING L5: CODE SPACE MEMORY OVERLAP
    FROM:    0000H
    TO:      0002H

*** WARNING L1: UNRESOLVED EXTERNAL SYMBOL
    SYMBOL:  ?C_START
    MODULE:  STARTUP.obj (?C_STARTUP)

*** WARNING L2: REFERENCE MADE TO UNRESOLVED EXTERNAL
    SYMBOL:  ?C_START
    MODULE:  STARTUP.obj (?C_STARTUP)
    ADDRESS: 0077H

Program Size: data=9.0 xdata=0 code=124
LINK/LOCATE RUN COMPLETE.  3 WARNING(S),  0 ERROR(S)
